******************************************************************************
                  TI ARM Linker PC v16.9.6                     
******************************************************************************
>> Linked Thu Mar 09 16:47:28 2023

OUTPUT FILE NAME:   <out_of_box_1843_mss_isk.xer4f>
ENTRY POINT SYMBOL: "_c_int00"  address: 00017734


MEMORY CONFIGURATION

         name            origin    length      used     unused   attr    fill
----------------------  --------  ---------  --------  --------  ----  --------
PAGE 0:
  VECTORS               00000000   00000100  0000003c  000000c4     X
  PROG_RAM              00000100   0007ff00  0001e92e  000615d2  R  X
  DATA_RAM              08000000   00030000  0000e874  0002178c  RW  
  L3_RAM                51000000   000c0000  00000000  000c0000  RW  
  HWA_RAM               52030000   00010000  00000000  00010000  RW  
  HS_RAM                52080000   00008000  00000000  00008000  RW  

PAGE 1:
  L3_RAM                51000000   000c0000  00000000  000c0000  RW  


SEGMENT ALLOCATION MAP

run origin  load origin   length   init length attrs members
----------  ----------- ---------- ----------- ----- -------
00000000    00000000    0000003c   0000003c    r--
  00000000    00000000    0000003c   0000003c    r-- .vecs
00000100    00000100    0001e938   0001e938    r-x
  00000100    00000100    0001d472   0001d472    r-x .text
  0001d578    0001d578    00000fec   00000fec    r-- .const
  0001e568    0001e568    000004d0   000004d0    r-- .cinit
08000000    08000000    0000e878   00000000    rw-
  08000000    08000000    00008000   00000000    rw- systemHeap
  08008000    08008000    0000333c   00000000    rw- .bss
  0800b340    0800b340    00002538   00000000    rw- .data
  0800d878    0800d878    00000800   00000000    rw- .myFiqStack
  0800e078    0800e078    00000800   00000000    rw- .stack


SECTION ALLOCATION MAP

 output                                  attributes/
section   page    origin      length       input sections
--------  ----  ----------  ----------   ----------------
systemHeap 
*          0    08000000    00008000     UNINITIALIZED
                  08000000    00008000     mmw_mss_per4ft.oer4ft (systemHeap)

.vecs      0    00000000    0000003c     
                  00000000    0000003c     mmw_mss_per4ft.oer4ft (.vecs)

.text      0    00000100    0001d472     
                  00000100    0000107a     rtsv7R4_T_le_v3D16_eabi.lib : _printfi.obj (.text)
                  0000117a    00000002     libadcbuf_xwr18xx.aer4f : adcbuf_mmwave.oer4f (.text:ADCBUF_MMWave_init)
                  0000117c    00000898     rtsv7R4_T_le_v3D16_eabi.lib : _scanfi.obj (.text)
                  00001a14    0000079c     mss_main.oer4f (.text:MmwDemo_dataPathConfig)
                  000021b0    000006a8     mss_main.oer4f (.text:MmwDemo_initTask)
                  00002858    0000069a     mmw_cli.oer4f (.text:MmwDemo_CLIInit)
                  00002ef2    00000002     libmmwave_xwr18xx.aer4f : mmwave_link.oer4f (.text:MMWave_maskHostIRQ)
                  00002ef4    0000059e     mss_main.oer4f (.text:MmwDemo_openSensor)
                  00003492    0000000e     libsoc_xwr18xx.aer4f : soc_xwr18xx_mss.oer4f (.text:SOC_microDelay)
                  000034a0    000004e1     sysbios.aer4ft : BIOS.obj (.text:xdc_runtime_System_doPrint__I)
                  00003981    00000001     --HOLE-- [fill = 0]
                  00003982    00000002     libqspiflash_xwr18xx.aer4f : qspiflash.oer4f (.text:QSPIFlash_init)
                  00003984    000004a8     libadcbuf_xwr18xx.aer4f : adcbuf_mmwave.oer4f (.text:ADCBUF_MMWave_control)
                  00003e2c    00000440     mmwdemo_rfparser.oer4f (.text:MmwDemo_RFParser_parseCtrlConfig)
                  0000426c    00000438     mss_main.oer4f (.text:MmwDemo_handleObjectDetResult)
                  000046a4    00000414     libcli_xwr18xx.aer4f : cli_mmwave.oer4f (.text:CLI_MMWaveVersion)
                  00004ab8    000003fd     mmw_cli.oer4f (.text:MmwDemo_CLISensorStart)
                  00004eb5    00000001     --HOLE-- [fill = 0]
                  00004eb6    00000002     libqspi_xwr18xx.aer4f : qspi.oer4f (.text:QSPI_init)
                  00004eb8    000003e4     mss_main.oer4f (.text:MmwDemo_transmitProcessedOutput)
                  0000529c    00000308     libsoc_xwr18xx.aer4f : soc_xwr18xx_mss.oer4f (.text:SOC_deviceInit)
                  000055a4    000002f8     libcbuff_xwr18xx.aer4f : cbuff.oer4f (.text:CBUFF_createSession)
                  0000589c    00000004     libosal_xwr18xx.aer4f : HwiP_tirtos.oer4f (.text:HwiP_disableInterrupt)
                  000058a0    000002f4     sysbios.aer4ft : BIOS.obj (.text:ti_sysbios_knl_Semaphore_pend__E)
                  00005b94    000002dc     mss_main.oer4f (.text:MmwDemo_processPendingDynamicCfgCommands)
                  00005e70    000002cc     sysbios.aer4ft : BIOS.obj (.text:ti_sysbios_knl_Task_Instance_finalize__E)
                  0000613c    000002b8     rtsv7R4_T_le_v3D16_eabi.lib : ull_div32.obj (.text)
                  000063f4    0000000c     libcli_xwr18xx.aer4f : cli_mmwave.oer4f (.text:CLI_getMMWaveExtensionConfig)
                  00006400    000002a4     sysbios.aer4ft : BIOS.obj (.text:ti_sysbios_heaps_HeapMem_freeUnprotected__E)
                  000066a4    00000284     libmmwave_xwr18xx.aer4f : mmwave_dualcore.oer4f (.text:MMWave_deviceExecuteFxn)
                  00006928    00000280     libhsiheader_xwr18xx.aer4f : hsiheader.oer4f (.text:HSIHeader_createHeader)
                  00006ba8    00000008     librtrimutils.aer4f : rtrimutils.oer4f (.text:GET_ANA_BASE_ADDRESS)
                  00006bb0    00000280     sysbios.aer4ft : BIOS.obj (.text:ti_sysbios_family_arm_exc_Exception_excDumpContext__I)
                  00006e30    00000278     mss_main.oer4f (.text:MmwDemo_sensorStopEpilog)
                  000070a8    0000026c     libqspiflash_xwr18xx.aer4f : qspiflash.oer4f (.text:QSPIFlash_open)
                  00007314    00000264     libcbuff_xwr18xx.aer4f : cbuff.oer4f (.text:CBUFF_init)
                  00007578    00000260     libmailbox_xwr18xx.aer4f : mailbox.oer4f (.text:Mailbox_open)
                  000077d8    00000254     libcli_xwr18xx.aer4f : cli_mmwave.oer4f (.text:CLI_MMWaveProfileCfg)
                  00007a2c    00000240     mss_main.oer4f (.text:MmwDemo_checkEdmaErrors)
                  00007c6c    0000023c     mss_main.oer4f (.text:MmwDemo_DPC_ObjectDetection_reportFxn)
                  00007ea8    0000023c     mmw_lvds_stream.oer4f (.text:MmwDemo_LVDSStreamHwConfig)
                  000080e4    0000022c     libcbuff_xwr18xx.aer4f : cbuff_lvds.oer4f (.text:CBUFF_openLVDS)
                  00008310    00000228     sysbios.aer4ft : BIOS.obj (.text:ti_sysbios_heaps_HeapMem_allocUnprotected__E)
                  00008538    00000008     libosal_xwr18xx.aer4f : HwiP_tirtos.oer4f (.text:HwiP_disable)
                  00008540    00000224     sysbios.aer4ft : BIOS.obj (.text:ti_sysbios_timers_rti_Timer_Module_startup__E)
                  00008764    00000214     libedma_xwr18xx.aer4f : edma.oer4f (.text:EDMA_configChannel)
                  00008978    00000214     libuart_xwr18xx.aer4f : uartsci.oer4f (.text:UartSci_open)
                  00008b8c    00000210     mss_main.oer4f (.text:MmwDemo_eventCallbackFxn)
                  00008d9c    0000020a     libcbuff_xwr18xx.aer4f : cbuff_transfer.oer4f (.text:CBUFF_addLinkedList)
                  00008fa6    00000002     libuart_xwr18xx.aer4f : uartsci.oer4f (.text:UartSci_init)
                  00008fa8    00000204     libcli_xwr18xx.aer4f : cli_mmwave.oer4f (.text:CLI_MMWaveChirpCfg)
                  000091ac    00000204     libcrc_xwr18xx.aer4f : crc.oer4f (.text:CRC_open)
                  000093b0    00000204     sysbios.aer4ft : BIOS.obj (.text:ti_sysbios_knl_Task_sleep__E)
                  000095b4    00000200     mss_main.oer4f (.text:MmwDemo_stopSensor)
                  000097b4    0000000c     libedma_xwr18xx.aer4f : edma_low_level.oer4f (.text:EDMA3ChannelToParamMap)
                  000097c0    00000200     sysbios.aer4ft : BIOS.obj (.text:ti_sysbios_knl_Task_Instance_init__E)
                  000099c0    000001f0     libdma_xwr18xx.aer4f : dma.oer4f (.text:DMA_setChannelParams)
                  00009bb0    000001ef     libedma_xwr18xx.aer4f : edma.oer4f (.text:EDMA_paramConfig_assist)
                  00009d9f    00000001     --HOLE-- [fill = 0]
                  00009da0    000001e4     rtsv7R4_T_le_v3D16_eabi.lib : strtod.obj (.text)
                  00009f84    000001e4                                 : strtoll.obj (.text)
                  0000a168    000001d4     libcbuff_xwr18xx.aer4f : cbuff_edma.oer4f (.text:CBUFF_configEDMA)
                  0000a33c    00000004     libosal_xwr18xx.aer4f : HwiP_tirtos.oer4f (.text:HwiP_enableInterrupt)
                  0000a340    000001cc     sysbios.aer4ft : BIOS.obj (.text:ti_sysbios_family_arm_v7r_vim_Hwi_dispatchIRQC__I)
                  0000a50c    000001c8     libcbuff_xwr18xx.aer4f : cbuff_lvds.oer4f (.text:CBUFF_initLVDS)
                  0000a6d4    000001c8     mss_main.oer4f (.text:main)
                  0000a89c    000001c8     libmmwavelink_xwr18xx.aer4f : rl_driver.oer4f (.text:rlDriverRxHdrRead)
                  0000aa64    000001c8     rtsv7R4_T_le_v3D16_eabi.lib : fopen.obj (.text)
                  0000ac2c    000001c0     libedma_xwr18xx.aer4f : edma.oer4f (.text:EDMA_open)
                  0000adec    000001b0     libmmwavelink_xwr18xx.aer4f : rl_driver.oer4f (.text:rlDriverMsgRead)
                  0000af9c    000001a8     libcli_xwr18xx.aer4f : cli_mmwave.oer4f (.text:CLI_MMWaveSubFrameCfg)
                  0000b144    000001a4     libcbuff_xwr18xx.aer4f : cbuff.oer4f (.text:CBUFF_activateSession)
                  0000b2e8    000001a4     libmmwave_xwr18xx.aer4f : mmwave_dualcore.oer4f (.text:MMWave_serializeCfg)
                  0000b48c    0000019c     mss_main.oer4f (.text:MmwDemo_startSensor)
                  0000b628    0000019c     mss_main.oer4f (.text:MmwDemo_transferLVDSUserData)
                  0000b7c4    0000000c     libedma_xwr18xx.aer4f : edma_low_level.oer4f (.text:EDMAsetRegion)
                  0000b7d0    0000019c     sysbios.aer4ft : BIOS.obj (.text:xdc_runtime_Error_policyDefault__E)
                  0000b96c    00000194     libmmwave_xwr18xx.aer4f : mmwave_link.oer4f (.text:MMWave_openLink)
                  0000bb00    00000190     libmmwavelink_xwr18xx.aer4f : rl_driver.oer4f (.text:rlDriverCmdInvoke)
                  0000bc90    00000188     mmw_cli.oer4f (.text:MmwDemo_CLIConfigDataPort)
                  0000be18    00000008     libmmwave_xwr18xx.aer4f : mmwave.oer4f (.text:MMWave_decodeErrorLevel)
                  0000be20    00000184     sysbios.aer4ft : BIOS.obj (.text:xdc_runtime_LoggerBuf_write8__E)
                  0000bfa4    00000180     libdpm_xwr18xx.aer4f : dpm_core.oer4f (.text:DPM_init)
                  0000c124    00000180                          : dpm_msg.oer4f (.text:DPM_msgRecv)
                  0000c2a4    00000180     mmwdemo_rfparser.oer4f (.text:MmwDemo_RFParser_setAoAParams)
                  0000c424    00000174     mmw_lvds_stream.oer4f (.text:MmwDemo_LVDSStreamInit)
                  0000c598    00000170     libgpio_xwr18xx.aer4f : gpio.oer4f (.text:GPIO_setConfig)
                  0000c708    0000016c     libsoc_xwr18xx.aer4f : soc_xwr18xx_mss.oer4f (.text:SOC_unhaltDSS)
                  0000c874    0000000c     libmmwave_xwr18xx.aer4f : mmwave_dualcore.oer4f (.text:MMWave_deviceMailboxCallbackFxn)
                  0000c880    0000016c     sysbios.aer4ft : BIOS.obj (.text:ti_sysbios_knl_Semaphore_post__E)
                  0000c9ec    00000168     mmw_lvds_stream.oer4f (.text:MmwDemo_LVDSStreamSwConfig)
                  0000cb54    0000000c     libmmwave_xwr18xx.aer4f : mmwave_osal.oer4f (.text:MMWave_osalMutexUnlock)
                  0000cb60    00000168     sysbios.aer4ft : BIOS.obj (.text:ti_sysbios_family_arm_exc_Exception_excHandler__I)
                  0000ccc8    00000164     rtsv7R4_T_le_v3D16_eabi.lib : strtoull.obj (.text)
                  0000ce2c    00000160     libqspi_xwr18xx.aer4f : qspi.oer4f (.text:QSPI_open)
                  0000cf8c    00000004     libmmwave_xwr18xx.aer4f : mmwave_link.oer4f (.text:MMWave_disableDevice)
                  0000cf90    00000160     sysbios.aer4ft : BIOS.obj (.text:ti_sysbios_family_arm_v7r_vim_Hwi_reconfig__E)
                  0000d0f0    00000158                    : BIOS.obj (.text:ti_sysbios_knl_Task_postInit__I)
                  0000d248    0000014c     libcli_xwr18xx.aer4f : cli_mmwave.oer4f (.text:CLI_MMWaveFrameCfg)
                  0000d394    0000014c                          : cli.oer4f (.text:CLI_task)
                  0000d4e0    0000014c     libmmwave_xwr18xx.aer4f : mmwave_link.oer4f (.text:MMWave_initMMWaveLink)
                  0000d62c    0000014a     libuart_xwr18xx.aer4f : uartsci.oer4f (.text:UartSci_ISR)
                  0000d776    00000002     rtsv7R4_T_le_v3D16_eabi.lib : i_div0.obj (.text)
                  0000d778    00000148     libhsiheader_xwr18xx.aer4f : hsiheader.oer4f (.text:HSIHeader_init)
                  0000d8c0    00000148     libmmwavelink_xwr18xx.aer4f : rl_driver.oer4f (.text:rlDriverCmdSendRetry)
                  0000da08    00000146     mmw_cli.oer4f (.text:MmwDemo_CLICalibDcRangeSig)
                  0000db4e    00000002     mmw_mss_per4ft.oer4ft (.text:ti_sysbios_BIOS_nullFunc__I)
                  0000db50    00000140     sysbios.aer4ft : BIOS.obj (.text:ti_sysbios_heaps_HeapMem_Instance_init__E)
                  0000dc90    00000140                    : BIOS.obj (.text:xdc_runtime_Core_createObject__I)
                  0000ddd0    0000013c     mmw_lvds_stream.oer4f (.text:MmwDemo_LVDSStreamDeleteHwSession)
                  0000df0c    00000004     libmmwave_xwr18xx.aer4f : mmwave_link.oer4f (.text:MMWave_enableDevice)
                  0000df10    0000013c     sysbios.aer4ft : BIOS.obj (.text:ti_sysbios_knl_Clock_workFunc__E)
                  0000e04c    00000134     libadcbuf_xwr18xx.aer4f : adcbuf_mmwave.oer4f (.text:ADCBUF_MMWave_open)
                  0000e180    00000134     mss_main.oer4f (.text:MmwDemo_edmaOpen)
                  0000e2b4    0000000c     libmmwave_xwr18xx.aer4f : mmwave_osal.oer4f (.text:MMWave_osalSemSignal)
                  0000e2c0    00000134     sysbios.aer4ft : BIOS.obj (.text:xdc_runtime_Startup_startMods__I)
                  0000e3f4    00000130     mmw_lvds_stream.oer4f (.text:MmwDemo_LVDSStreamDeleteSwSession)
                  0000e524    00000130     rtsv7R4_T_le_v3D16_eabi.lib : strtol.obj (.text)
                  0000e654    0000012a     libedma_xwr18xx.aer4f : edma.oer4f (.text:EDMA_check4kSiErrata)
                  0000e77e    00000002     mmw_mss_per4ft.oer4ft (.text:xdc_runtime_Startup_reset__I)
                  0000e780    00000128     sysbios.aer4ft : BIOS.obj (.text:ti_sysbios_utils_Load_updateThreadContexts__E)
                  0000e8a8    00000124     libcli_xwr18xx.aer4f : cli_mmwave.oer4f (.text:CLI_MMWaveAdvFrameCfg)
                  0000e9cc    00000124                          : cli_mmwave.oer4f (.text:CLI_MMWaveContModeCfg)
                  0000eaf0    00000124     libedma_xwr18xx.aer4f : edma.oer4f (.text:EDMA_init)
                  0000ec14    0000000c     libuart_xwr18xx.aer4f : UART.oer4f (.text:UART_Params_init)
                  0000ec20    00000120     sysbios.aer4ft : BIOS.obj (.text:xdc_runtime_LoggerBuf_write4__E)
                  0000ed40    0000011c     mmw_cli.oer4f (.text:MmwDemo_CLILvdsStreamCfg)
                  0000ee5c    00000004     libmmwave_xwr18xx.aer4f : mmwave_listlib.oer4f (.text:MMWave_listGetHead)
                  0000ee60    00000118     sysbios.aer4ft : BIOS.obj (.text:ti_sysbios_family_arm_v7r_vim_Hwi_Instance_init__E)
                  0000ef78    00000114     libedma_xwr18xx.aer4f : edma.oer4f (.text:EDMA_configErrorMonitoring)
                  0000f08c    00000114                           : edma.oer4f (.text:EDMA_transferComplete_isr)
                  0000f1a0    00000110     mss_main.oer4f (.text:MmwDemo_calibInit)
                  0000f2b0    00000110     rtsv7R4_T_le_v3D16_eabi.lib : strtoul.obj (.text)
                  0000f3c0    0000010c     libdpm_xwr18xx.aer4f : dpm_msg.oer4f (.text:DPM_msgResultHandler)
                  0000f4cc    0000010c     libmmwave_xwr18xx.aer4f : mmwave_link.oer4f (.text:MMWave_asyncEventHandler)
                  0000f5d8    0000010c                             : mmwave_dualcore.oer4f (.text:MMWave_deviceInitFxn)
                  0000f6e4    0000000c     libuart_xwr18xx.aer4f : uartsci_dma.oer4f (.text:UartSci_isDMAEnabled)
                  0000f6f0    0000010c     sysbios.aer4ft : BIOS.obj (.text:ti_sysbios_knl_Task_schedule__I)
                  0000f7fc    00000004     libmmwave_xwr18xx.aer4f : mmwave_listlib.oer4f (.text:MMWave_listGetNext)
                  0000f800    0000010c     sysbios.aer4ft : BIOS.obj (.text:xdc_runtime_Core_constructObject__I)
                  0000f90c    00000108     libdma_xwr18xx.aer4f : dma.oer4f (.text:DMA_disableInterrupt)
                  0000fa14    00000108     libmailbox_xwr18xx.aer4f : mailbox.oer4f (.text:Mailbox_write)
                  0000fb1c    00000108     mmw_cli.oer4f (.text:MmwDemo_CLICfarCfg)
                  0000fc24    00000104     libcbuff_xwr18xx.aer4f : cbuff.oer4f (.text:CBUFF_deinit)
                  0000fd28    00000104     libedma_xwr18xx.aer4f : edma.oer4f (.text:EDMA_configParamSet)
                  0000fe2c    00000104     libmmwave_xwr18xx.aer4f : mmwave_link.oer4f (.text:MMWave_startLink)
                  0000ff30    00000104     mmw_cli.oer4f (.text:MmwDemo_CLIChirpQualityRxSatMonCfg)
                  00010034    00000104     mmw_cli.oer4f (.text:MmwDemo_CLICompRangeBiasAndRxChanPhaseCfg)
                  00010138    00000008     libmmwave_xwr18xx.aer4f : mmwave_link.oer4f (.text:MMWave_mboxCallbackFxn)
                  00010140    00000104     sysbios.aer4ft : BIOS.obj (.text:ti_sysbios_timers_rti_Timer_getFreq__E)
                  00010244    00000100     libcli_xwr18xx.aer4f : cli_mmwave.oer4f (.text:CLI_MMWaveBPMCfgAdvanced)
                  00010344    00000100     libdma_xwr18xx.aer4f : dma.oer4f (.text:DMA_clearChannelInterruptFlag)
                  00010444    00000100     libmmwavelink_xwr18xx.aer4f : rl_driver.oer4f (.text:rlDriverInit)
                  00010544    000000fc     libcbuff_xwr18xx.aer4f : cbuff.oer4f (.text:CBUFF_deleteSession)
                  00010640    000000fc     libcrc_xwr18xx.aer4f : crc.oer4f (.text:CRC_computeSignature)
                  0001073c    000000fc     mmw_cli.oer4f (.text:MmwDemo_CLIADCBufCfg)
                  00010838    00000008     libosal_xwr18xx.aer4f : SemaphoreP_tirtos.oer4f (.text:SemaphoreP_Params_init)
                  00010840    000000fc     sysbios.aer4ft : BIOS.obj (.text:ti_sysbios_knl_Task_exit__E)
                  0001093c    000000f8     mmw_lvds_stream.oer4f (.text:MmwDemo_configLVDSHwData)
                  00010a34    000000f8     libmmwavelink_xwr18xx.aer4f : rl_driver.oer4f (.text:rlDriverRdVerifyMsg)
                  00010b2c    000000f8     mmw_mss_per4ft.oer4ft (.text:xdc_runtime_System_printfExtend__I)
                  00010c24    000000f4     mmw_cli.oer4f (.text:MmwDemo_CLICalibDataSaveRestore)
                  00010d18    00000008     libmmwavelink_xwr18xx.aer4f : rl_driver.oer4f (.text:rlDriverConstructOutMsg)
                  00010d20    000000f0     sysbios.aer4ft : BIOS.obj (.text:ti_sysbios_family_arm_v7r_vim_Hwi_Module_startup__E)
                  00010e10    000000f0                    : BIOS.obj (.text:ti_sysbios_knl_Task_startCore__E)
                  00010f00    000000f0                    : BIOS.obj (.text:ti_sysbios_utils_Load_taskCreateHook__E)
                  00010ff0    000000ec     rtsv7R4_T_le_v3D16_eabi.lib : s_scalbn.obj (.text)
                  000110dc    00000004     libmmwave_xwr18xx.aer4f : mmwave_link.oer4f (.text:MMWave_mboxClose)
                  000110e0    000000ec     sysbios.aer4ft : BIOS.obj (.text:ti_sysbios_heaps_HeapBuf_Module_startup__E)
                  000111cc    000000ea     mss_main.oer4f (.text:MmwDemo_setSubFramePendingState)
                  000112b6    00000002     --HOLE-- [fill = 0]
                  000112b8    000000e8     mmw_cli.oer4f (.text:MmwDemo_CLIChirpQualitySigImgMonCfg)
                  000113a0    000000e8     libmmwavelink_xwr18xx.aer4f : rl_sensor.oer4f (.text:rlRfCalibDataStore)
                  00011488    000000e8                                 : rl_sensor.oer4f (.text:rlRfPhShiftCalibDataStore)
                  00011570    000000e4                                 : rl_sensor.oer4f (.text:rlRfPhShiftCalibDataRestore)
                  00011654    000000e0     libcli_xwr18xx.aer4f : cli.oer4f (.text:CLI_open)
                  00011734    000000e0     libdma_xwr18xx.aer4f : dma.oer4f (.text:DMA_enableInterrupt)
                  00011814    000000dc     libmmwave_xwr18xx.aer4f : mmwave.oer4f (.text:MMWave_init)
                  000118f0    000000dc     libmmwavelink_xwr18xx.aer4f : rl_driver.oer4f (.text:rlDriverMsgCmdReply)
                  000119cc    000000dc     rtsv7R4_T_le_v3D16_eabi.lib : setvbuf.obj (.text)
                  00011aa8    000000d4     libmailbox_xwr18xx.aer4f : mailbox.oer4f (.text:Mailbox_read)
                  00011b7c    000000d4     libmmwavelink_xwr18xx.aer4f : rl_sensor.oer4f (.text:rlSetMultiBpmChirpConfig)
                  00011c50    000000d4     sysbios.aer4ft : BIOS.obj (.text:ti_sysbios_utils_Load_logLoads__I)
                  00011d24    000000d0     libsoc_xwr18xx.aer4f : soc_xwr18xx_mss.oer4f (.text:SOC_controlSecureFirewall)
                  00011df4    000000d0     sysbios.aer4ft : exc_Exception_asm.obj (.text:ti_sysbios_family_arm_exc_Exception_excHandlerAsm__I)
                  00011ec4    0000000c                    : arm_IntrinsicsSupport_asm.obj (.text:_ti_sysbios_family_arm_IntrinsicsSupport_maxbitA)
                  00011ed0    000000d0                    : BIOS.obj (.text:ti_sysbios_utils_Load_idleFxn__E)
                  00011fa0    000000d0                    : BIOS.obj (.text:xdc_runtime_LoggerBuf_Instance_init__E)
                  00012070    000000cc     libmmwavelink_xwr18xx.aer4f : rl_sensor.oer4f (.text:rlRfCalibDataRestore)
                  0001213c    000000cc                                 : rl_sensor.oer4f (.text:rlSetChirpConfig)
                  00012208    000000cc     rtsv7R4_T_le_v3D16_eabi.lib : fflush.obj (.text)
                  000122d4    000000cc                                 : sscanf.obj (.text)
                  000123a0    000000cc     sysbios.aer4ft : BIOS.obj (.text:ti_sysbios_knl_Task_checkStacks__E)
                  0001246c    000000c8     libmmwave_xwr18xx.aer4f : mmwave_fullcfg.oer4f (.text:MMWave_addChirp)
                  00012534    000000c8                             : mmwave_link.oer4f (.text:MMWave_configBPM)
                  000125fc    000000c8                             : mmwave_fullcfg.oer4f (.text:MMWave_flushCfg)
                  000126c4    000000c8                             : mmwave_fullcfg.oer4f (.text:MMWave_getChirpHandle)
                  0001278c    000000c8     libmmwavelink_xwr18xx.aer4f : rl_sensor.oer4f (.text:rlSetFrameConfig)
                  00012854    000000c4     libcbuff_xwr18xx.aer4f : cbuff_transfer.oer4f (.text:CBUFF_setupNonInterleaved_CP_ADC_CQ)
                  00012918    000000c4     libdpm_xwr18xx.aer4f : dpm_core.oer4f (.text:DPM_deinit)
                  000129dc    000000c4                          : dpm_core.oer4f (.text:DPM_ioctl)
                  00012aa0    000000c4     sysbios.aer4ft : BIOS.obj (.text:ti_sysbios_family_arm_v7a_Pmu_configureCounter__E)
                  00012b64    000000c0     mmw_cli.oer4f (.text:MmwDemo_CLIAnalogMonitorCfg)
                  00012c24    000000c0     libmmwavelink_xwr18xx.aer4f : rl_driver.oer4f (.text:rlDriverMsgWrite)
                  00012ce4    0000000c     rtsv7R4_T_le_v3D16_eabi.lib : copy_zero_init.obj (.text:decompress:ZI)
                  00012cf0    000000c0     sysbios.aer4ft : BIOS.obj (.text:ti_sysbios_timers_rti_Timer_startup__E)
                  00012db0    000000bc     libcli_xwr18xx.aer4f : cli.oer4f (.text:CLI_help)
                  00012e6c    000000bc     libgpio_xwr18xx.aer4f : gpio.oer4f (.text:GPIO_write)
                  00012f28    000000bc     libmmwave_xwr18xx.aer4f : mmwave_link.oer4f (.text:MMWave_computeCRC)
                  00012fe4    000000bc     mmw_lvds_stream.oer4f (.text:MmwDemo_LVDSStream_EDMAInit)
                  000130a0    000000bc     rtsv7R4_T_le_v3D16_eabi.lib : open.obj (.text)
                  0001315c    000000b8     libcbuff_xwr18xx.aer4f : cbuff.oer4f (.text:CBUFF_ISR)
                  00013214    000000b8                            : cbuff_transfer.oer4f (.text:CBUFF_setupTransfer)
                  000132cc    000000b8     libdma_xwr18xx.aer4f : dma.oer4f (.text:DMA_getChannelInterruptFlag)
                  00013384    000000b8     mss_main.oer4f (.text:MmwDemo_isAllCfgInPendingState)
                  0001343c    000000b6     libsoc_xwr18xx.aer4f : soc_mpu.o (.text)
                  000134f2    0000000e     libosal_xwr18xx.aer4f : SemaphoreP_tirtos.oer4f (.text:SemaphoreP_delete)
                  00013500    000000b4     sysbios.aer4ft : BIOS.obj (.text:ti_sysbios_gates_GateMutex_enter__E)
                  000135b4    0000000c     libmmwavelink_xwr18xx.aer4f : rl_driver.oer4f (.text:rlDriverGetPlatformId)
                  000135c0    000000b4     sysbios.aer4ft : BIOS.obj (.text:xdc_runtime_LoggerBuf_setFilterLevel__E)
                  00013674    000000b2     libuart_xwr18xx.aer4f : uartsci_dma.oer4f (.text:UartSci_openDMA)
                  00013726    00000002     --HOLE-- [fill = 0]
                  00013728    000000b0     libcbuff_xwr18xx.aer4f : cbuff.oer4f (.text:CBUFF_deactivateSession)
                  000137d8    000000b0     libmmwave_xwr18xx.aer4f : mmwave_fullcfg.oer4f (.text:MMWave_addProfile)
                  00013888    000000b0     libmmwavelink_xwr18xx.aer4f : rl_sensor.oer4f (.text:rlSetProfileConfig)
                  00013938    00000008                                 : rl_driver.oer4f (.text:rlDriverGetHandle)
                  00013940    000000b0     sysbios.aer4ft : BIOS.obj (.text:ti_sysbios_utils_Load_updateLoads__E)
                  000139f0    000000b0                    : BIOS.obj (.text:xdc_runtime_Text_putMod__E)
                  00013aa0    000000ae     mmwdemo_adcconfig.oer4f (.text:MmwDemo_ADCBufConfig)
                  00013b4e    000000ae     rtsv7R4_T_le_v3D16_eabi.lib : _io_perm.obj (.text)
                  00013bfc    000000ac     libesm_xwr18xx.aer4f : esm.oer4f (.text:ESM_processInterrupt)
                  00013ca8    00000008     sysbios.aer4ft : BIOS.obj (.text:ti_sysbios_family_arm_v7a_Pmu_getEnabled__E)
                  00013cb0    000000ac                    : BIOS.obj (.text:ti_sysbios_knl_Task_Module_startup__E)
                  00013d5c    00000004     libmmwave_xwr18xx.aer4f : mmwave_link.oer4f (.text:MMWave_mboxRead)
                  00013d60    000000ac     sysbios.aer4ft : BIOS.obj (.text:ti_sysbios_utils_Load_startup__E)
                  00013e0c    000000a8     libadcbuf_xwr18xx.aer4f : adcbuf_mmwave.oer4f (.text:ADCBUF_MMWave_getChanBufAddr)
                  00013eb4    000000a8     libcli_xwr18xx.aer4f : cli_mmwave.oer4f (.text:CLI_MMWaveExtensionHelp)
                  00013f5c    000000a8     libedma_xwr18xx.aer4f : edma_low_level.oer4f (.text:EDMA3Init)
                  00014004    000000a8     libmmwave_xwr18xx.aer4f : mmwave_link.oer4f (.text:MMWave_configureProfileChirp)
                  000140ac    000000a8                             : mmwave_fullcfg.oer4f (.text:MMWave_getBpmChirpHandle)
                  00014154    000000a8     mss_main.oer4f (.text:MmwDemo_isAllCfgInNonPendingState)
                  000141fc    000000a8     libpinmux_xwr18xx.aer4f : pinmux.oer4f (.text:Pinmux_Set_OverrideCtrl)
                  000142a4    000000a8     libsoc_xwr18xx.aer4f : soc.oer4f (.text:SOC_deregisterSysIntListener)
                  0001434c    000000a8     libmmwavelink_xwr18xx.aer4f : rl_driver.oer4f (.text:rlDriverWaitForResponse)
                  000143f4    000000a8                                 : rl_sensor.oer4f (.text:rlSetAdvFrameConfig)
                  0001449c    000000a4     libdma_xwr18xx.aer4f : dma.oer4f (.text:DMA_assignChannel)
                  00014540    000000a4     libesm_xwr18xx.aer4f : esm.oer4f (.text:ESM_init)
                  000145e4    000000a4     libmmwave_xwr18xx.aer4f : mmwave_fullcfg.oer4f (.text:MMWave_addBpmChirp)
                  00014688    000000a4                             : mmwave.oer4f (.text:MMWave_start)
                  0001472c    000000a4     libqspiflash_xwr18xx.aer4f : qspiflash.oer4f (.text:QSPIFlash_mmapWrite)
                  000147d0    000000a2     sysbios.aer4ft : BIOS.obj (.text:xdc_runtime_Text_putSite__E)
                  00014872    00000002     --HOLE-- [fill = 0]
                  00014874    000000a0     libqspiflash_xwr18xx.aer4f : qspiflash.oer4f (.text:QSPIFlash_configMmapRead)
                  00014914    000000a0                                : qspiflash_device_macronix.oer4f (.text:QSPIFlash_macronix_progQuadRead)
                  000149b4    000000a0     libsoc_xwr18xx.aer4f : soc.oer4f (.text:SOC_registerSysIntListener)
                  00014a54    000000a0     auto_init.aer4ft : auto_init.oer4ft (.text)
                  00014af4    0000000c     sysbios.aer4ft : BIOS.obj (.text:ti_sysbios_family_arm_v7a_Pmu_configureCounterI__I)
                  00014b00    000000a0                    : BIOS.obj (.text:ti_sysbios_knl_Task_blockI__E)
                  00014ba0    0000009c     libmmwave_xwr18xx.aer4f : mmwave_link.oer4f (.text:MMWave_configLink)
                  00014c3c    0000009c                             : mmwave_fullcfg.oer4f (.text:MMWave_getProfileHandle)
                  00014cd8    0000009c     mmw_cli.oer4f (.text:MmwDemo_CLIMeasureRangeBiasAndRxChanPhaseCfg)
                  00014d74    0000009c     libqspiflash_xwr18xx.aer4f : qspiflash_device_spansion.oer4f (.text:QSPIFlash_spansion_progQuadRead)
                  00014e10    0000009c     libuart_xwr18xx.aer4f : uartsci.oer4f (.text:UartSci_write)
                  00014eac    0000009c     rtsv7R4_T_le_v3D16_eabi.lib : memcpy_t2.obj (.text)
                  00014f48    00000008     mmw_mss_per4ft.oer4ft (.text:xdc_runtime_Text_visitRope__I)
                  00014f50    0000009c     sysbios.aer4ft : BIOS.obj (.text:ti_sysbios_family_arm_v7r_vim_Hwi_initIntController__I)
                  00014fec    00000004     libmmwave_xwr18xx.aer4f : mmwave_link.oer4f (.text:MMWave_registerInterruptHandler)
                  00014ff0    0000009c     sysbios.aer4ft : BIOS.obj (.text:ti_sysbios_family_arm_v7r_vim_Hwi_mapChannel__I)
                  0001508c    00000004     libmmwave_xwr18xx.aer4f : mmwave_link.oer4f (.text:MMWave_unmaskHostIRQ)
                  00015090    0000009c     sysbios.aer4ft : BIOS.obj (.text:ti_sysbios_knl_Semaphore_Instance_init__E)
                  0001512c    0000009a     libdpm_xwr18xx.aer4f : dpm_msg.oer4f (.text:DPM_msgResponseHandler)
                  000151c6    00000002     --HOLE-- [fill = 0]
                  000151c8    00000098     libmmwave_xwr18xx.aer4f : mmwave_fullcfg.oer4f (.text:MMWave_getChirpCfg)
                  00015260    00000098     mmwdemo_rfparser.oer4f (.text:MmwDemo_RFParser_parseConfig)
                  000152f8    00000098     rtsv7R4_T_le_v3D16_eabi.lib : fclose.obj (.text)
                  00015390    00000098                                 : fputc.obj (.text)
                  00015428    00000098     sysbios.aer4ft : vim_Hwi_asm_switch.obj (.text)
                  000154c0    00000098                    : BIOS.obj (.text:ti_sysbios_utils_Load_taskDeleteHook__E)
                  00015558    00000096     libedma_xwr18xx.aer4f : edma.oer4f (.text:EDMA_getErrorStatusInfo)
                  000155ee    00000096     libuart_xwr18xx.aer4f : uartsci.oer4f (.text:UartSci_readChar)
                  00015684    00000094     libcbuff_xwr18xx.aer4f : cbuff_transfer.oer4f (.text:CBUFF_setupNonInterleaved_ADC)
                  00015718    00000094     mmw_lvds_stream.oer4f (.text:MmwDemo_LVDSStream_EDMAAllocateCBUFFHwChannel)
                  000157ac    00000094     mmw_lvds_stream.oer4f (.text:MmwDemo_LVDSStream_EDMAAllocateCBUFFSwChannel)
                  00015840    00000094     libmmwavelink_xwr18xx.aer4f : rl_driver.oer4f (.text:rlDriverDeInit)
                  000158d4    00000094                                 : rl_driver.oer4f (.text:rlDriverMsgReadCmdCtx)
                  00015968    00000094                                 : rl_driver.oer4f (.text:rlDriverProcRdMsg)
                  000159fc    00000094     sysbios.aer4ft : vim_Hwi_asm.obj (.text:ti_sysbios_family_arm_v7r_vim_Hwi_dispatchIRQ__I)
                  00015a90    00000090     libgpio_xwr18xx.aer4f : gpio.oer4f (.text:GPIO_init)
                  00015b20    00000090     libmailbox_xwr18xx.aer4f : mailbox.oer4f (.text:Mailbox_close)
                  00015bb0    00000090     libuart_xwr18xx.aer4f : uartsci_dma.oer4f (.text:UartSci_initiateTxDMA)
                  00015c40    00000090                           : uartsci.oer4f (.text:UartSci_read)
                  00015cd0    00000090     sysbios.aer4ft : BIOS.obj (.text:ti_sysbios_family_arm_v7a_Pmu_startCounter__E)
                  00015d60    00000090                    : BIOS.obj (.text:ti_sysbios_knl_Task_unblockI__E)
                  00015df0    00000090                    : BIOS.obj (.text:xdc_runtime_LoggerBuf_getFilterLevel__E)
                  00015e80    0000008c     libcli_xwr18xx.aer4f : cli_mmwave.oer4f (.text:CLI_MMWaveDataOutputMode)
                  00015f0c    0000008c     libsoc_xwr18xx.aer4f : soc.oer4f (.text:SOC_init)
                  00015f98    0000008c                          : soc_xwr18xx.oer4f (.text:SOC_translateAddress)
                  00016024    0000008c     libuart_xwr18xx.aer4f : uartsci_dma.oer4f (.text:UartSci_initiateRxDMA)
                  000160b0    0000008c     libmmwavelink_xwr18xx.aer4f : rl_device.oer4f (.text:rlDevicePowerOn)
                  0001613c    0000008c                                 : rl_driver.oer4f (.text:rlDriverMsgReadSpawnCtx)
                  000161c8    00000006     libosal_xwr18xx.aer4f : CycleprofilerP_tirtos.oer4f (.text:CycleprofilerP_getTimeStamp)
                  000161ce    00000002     --HOLE-- [fill = 0]
                  000161d0    0000008c     sysbios.aer4ft : BIOS.obj (.text:ti_sysbios_family_arm_v7a_Pmu_getCount__E)
                  0001625c    00000004     libmmwave_xwr18xx.aer4f : mmwave_link.oer4f (.text:MMWave_waitIRQStatus)
                  00016260    0000008c     sysbios.aer4ft : BIOS.obj (.text:ti_sysbios_family_arm_v7r_vim_Hwi_Instance_finalize__E)
                  000162ec    00000004     mss_main.oer4f (.text:MmwDemo_sleep)
                  000162f0    0000008c     sysbios.aer4ft : BIOS.obj (.text:xdc_runtime_Memory_alloc__E)
                  0001637c    00000088     libmmwave_xwr18xx.aer4f : mmwave_fullcfg.oer4f (.text:MMWave_getProfileCfg)
                  00016404    00000088     rtsv7R4_T_le_v3D16_eabi.lib : vsnprintf.obj (.text)
                  0001648c    00000086     libcbuff_xwr18xx.aer4f : cbuff_edma.oer4f (.text:CBUFF_closeEDMA)
                  00016512    00000002     --HOLE-- [fill = 0]
                  00016514    00000084     libmmwave_xwr18xx.aer4f : mmwave_dualcore.oer4f (.text:MMWave_deviceCfgAsyncEvent)
                  00016598    00000084                             : mmwave_dualcore.oer4f (.text:MMWave_deviceEventFxn)
                  0001661c    00000084                             : mmwave_fullcfg.oer4f (.text:MMWave_getNumBpmChirp)
                  000166a0    00000084                             : mmwave.oer4f (.text:MMWave_open)
                  00016724    00000084     mss_main.oer4f (.text:MmwDemo_configSensor)
                  000167a8    00000081     libcbuff_xwr18xx.aer4f : cbuff_edma.oer4f (.text:CBUFF_setupEDMAShadowLink)
                  00016829    00000003     --HOLE-- [fill = 0]
                  0001682c    00000080     libcli_xwr18xx.aer4f : cli_mmwave.oer4f (.text:CLI_MMWaveChannelCfg)
                  000168ac    00000080     libdpm_xwr18xx.aer4f : dpm_mailbox.oer4f (.text:DPM_mboxRemoteMailboxCallbackFxn)
                  0001692c    00000080     libmmwave_xwr18xx.aer4f : mmwave_fullcfg.oer4f (.text:MMWave_getBpmChirpCfg)
                  000169ac    00000080     mmw_cli.oer4f (.text:MmwDemo_CLIAoAFovCfg)
                  00016a2c    00000080     libsoc_xwr18xx.aer4f : soc.oer4f (.text:SOC_getDeviceRFFreqScaleFactor)
                  00016aac    00000080     libuart_xwr18xx.aer4f : uartsci.oer4f (.text:UartSci_writePolling)
                  00016b2c    00000080     libmmwavelink_xwr18xx.aer4f : rl_driver.oer4f (.text:rlDriverExecuteGetApi)
                  00016bac    00000004     libsoc_xwr18xx.aer4f : soc_xwr18xx.oer4f (.text:SOC_gateClock)
                  00016bb0    00000080     sysbios.aer4ft : BIOS.obj (.text:ti_sysbios_timers_rti_Timer_initDevice__I)
                  00016c30    0000007e     libosal_xwr18xx.aer4f : HwiP_tirtos.oer4f (.text:HwiP_create)
                  00016cae    00000002     --HOLE-- [fill = 0]
                  00016cb0    0000007d     libcbuff_xwr18xx.aer4f : cbuff_lvds.oer4f (.text:CBUFF_initLVDSLinkListParams)
                  00016d2d    00000003     --HOLE-- [fill = 0]
                  00016d30    0000007c     libdpm_xwr18xx.aer4f : dpm_pipe.oer4f (.text:DPM_pipeSend)
                  00016dac    0000007c     libedma_xwr18xx.aer4f : edma.oer4f (.text:EDMA_clearErrors)
                  00016e28    0000007c     libmmwave_xwr18xx.aer4f : mmwave_dualcore.oer4f (.text:MMWave_deviceOpenFxn)
                  00016ea4    0000007c     libmailbox_xwr18xx.aer4f : mailbox.oer4f (.text:Mailbox_init)
                  00016f20    0000007c     mmw_lvds_stream.oer4f (.text:MmwDemo_LVDSStream_SwTriggerFrameDone)
                  00016f9c    0000007c     libuart_xwr18xx.aer4f : uartsci.oer4f (.text:UartSci_readPolling)
                  00017018    0000007c     sysbios.aer4ft : arm_TaskSupport_asm.obj (.text:_ti_sysbios_family_arm_TaskSupport_buildTaskStack)
                  00017094    0000000c                    : BIOS.obj (.text:ti_sysbios_family_arm_v7a_Pmu_getCountI__E)
                  000170a0    0000007c                    : BIOS.obj (.text:xdc_runtime_Core_deleteObject__I)
                  0001711c    0000007b     mmw_cli.oer4f (.text:MmwDemo_CLIGetSubframe)
                  00017197    00000001     --HOLE-- [fill = 0]
                  00017198    0000007a     rtsv7R4_T_le_v3D16_eabi.lib : memset_t2.obj (.text)
                  00017212    00000002     --HOLE-- [fill = 0]
                  00017214    00000078     libadcbuf_xwr18xx.aer4f : adcbuf_mmwave.oer4f (.text:ADCBUF_MMWave_getCQBufAddr)
                  0001728c    00000078     libcbuff_xwr18xx.aer4f : cbuff_transfer.oer4f (.text:CBUFF_configUserBufferEDMA)
                  00017304    00000078                            : cbuff.oer4f (.text:CBUFF_setVC)
                  0001737c    00000078     libcli_xwr18xx.aer4f : cli_mmwave.oer4f (.text:CLI_MMWaveADCCfg)
                  000173f4    00000078     libmmwave_xwr18xx.aer4f : mmwave_fullcfg.oer4f (.text:MMWave_getNumChirps)
                  0001746c    00000078     libqspiflash_xwr18xx.aer4f : qspiflash.oer4f (.text:QSPIFlash_mmapRead)
                  000174e4    00000078                                : qspiflash.oer4f (.text:QSPIFlash_sectorErase)
                  0001755c    00000078     libqspi_xwr18xx.aer4f : qspi.oer4f (.text:QSPI_cfgRead)
                  000175d4    00000077                           : qspi.oer4f (.text:QSPI_memAccessCfg)
                  0001764b    00000001     --HOLE-- [fill = 0]
                  0001764c    00000074     libmmwave_xwr18xx.aer4f : mmwave.oer4f (.text:MMWave_config)
                  000176c0    00000074                             : mmwave_dualcore.oer4f (.text:MMWave_deviceStartFxn)
                  00017734    00000074     boot.aer4ft : boot.oer4ft (.text)
                  000177a8    00000074     libmmwavelink_xwr18xx.aer4f : rl_driver.oer4f (.text:rlDriverAsyncEventHandler)
                  0001781c    00000074     rtsv7R4_T_le_v3D16_eabi.lib : getdevice.obj (.text)
                  00017890    00000074                                 : s_frexp.obj (.text)
                  00017904    00000072     libmmwavelink_xwr18xx.aer4f : rl_driver.oer4f (.text:rlDriverClientCbCheck)
                  00017976    00000002     --HOLE-- [fill = 0]
                  00017978    00000070     libedma_xwr18xx.aer4f : edma.oer4f (.text:EDMA_error_isr)
                  000179e8    00000070     libhsiheader_xwr18xx.aer4f : hsiheader.oer4f (.text:HSIHeader_deleteHeader)
                  00017a58    00000070     libmmwave_xwr18xx.aer4f : mmwave_dualcore.oer4f (.text:MMWave_deviceCfgFxn)
                  00017ac8    00000070     mmw_cli.oer4f (.text:MmwDemo_CLIGuiMonSel)
                  00017b38    00000070     mmwdemo_flash.oer4f (.text:mmwDemo_flashInit)
                  00017ba8    00000006     libdpm_xwr18xx.aer4f : dpm_mailbox.oer4f (.text:DPM_mboxSynch)
                  00017bae    00000002     --HOLE-- [fill = 0]
                  00017bb0    00000070     sysbios.aer4ft : BIOS.obj (.text:xdc_runtime_Error_print__E)
                  00017c20    0000006c     libdma_xwr18xx.aer4f : dma.oer4f (.text:DMA_disableChannel)
                  00017c8c    0000006c                          : dma.oer4f (.text:DMA_enableChannel)
                  00017cf8    0000006c     libmmwave_xwr18xx.aer4f : mmwave_link.oer4f (.text:MMWave_spawn)
                  00017d64    0000006c                             : mmwave_link.oer4f (.text:MMWave_stopLink)
                  00017dd0    0000006c     mmw_lvds_stream.oer4f (.text:MmwDemo_LVDSStream_EDMAFreeCBUFFHwChannel)
                  00017e3c    0000006c     mmw_lvds_stream.oer4f (.text:MmwDemo_LVDSStream_EDMAFreeCBUFFSwChannel)
                  00017ea8    0000006c     mmw_lvds_stream.oer4f (.text:MmwDemo_LVDSStream_HwTriggerFrameDone)
                  00017f14    0000006c     libpinmux_xwr18xx.aer4f : pinmux.oer4f (.text:Pinmux_Set_FuncSel)
                  00017f80    0000006c     libqspiflash_xwr18xx.aer4f : qspiflash.oer4f (.text:QSPIFlashReadSFDP)
                  00017fec    0000006c     libqspi_xwr18xx.aer4f : qspi.oer4f (.text:QSPI_cfgWrite)
                  00018058    0000006c     rtsv7R4_T_le_v3D16_eabi.lib : copy_decompress_lzss.obj (.text:decompress:lzss)
                  000180c4    0000006c                                 : trgmsg.obj (.text)
                  00018130    0000006a     libuart_xwr18xx.aer4f : uartsci.oer4f (.text:UartSci_control)
                  0001819a    00000002     --HOLE-- [fill = 0]
                  0001819c    00000068     libdpm_xwr18xx.aer4f : dpm_msg.oer4f (.text:DPM_msgDPCCfgHandler)
                  00018204    00000068     libmmwave_xwr18xx.aer4f : mmwave_dualcore.oer4f (.text:MMWave_deviceStopFxn)
                  0001826c    00000068     libmailbox_xwr18xx.aer4f : mailbox.oer4f (.text:Mailbox_readFlush)
                  000182d4    00000068     mss_main.oer4f (.text:MmwDemo_convertCfarToLinear)
                  0001833c    00000068     libmmwavelink_xwr18xx.aer4f : rl_driver.oer4f (.text:rlDriverExecuteSetApi)
                  000183a4    00000068                                 : rl_driver.oer4f (.text:rlDriverHostIrqHandler)
                  0001840c    00000068     rtsv7R4_T_le_v3D16_eabi.lib : hostlseek.obj (.text)
                  00018474    00000068                                 : hostrename.obj (.text)
                  000184dc    00000066     libmmwavelink_xwr18xx.aer4f : rl_device.oer4f (.text:rlDevicePowerOff)
                  00018542    00000002     --HOLE-- [fill = 0]
                  00018544    00000064     libcli_xwr18xx.aer4f : cli_mmwave.oer4f (.text:CLI_MMWaveLowPowerCfg)
                  000185a8    00000064     libedma_xwr18xx.aer4f : edma.oer4f (.text:EDMA_getTransferControllerErrorStatusInfo)
                  0001860c    00000064     libosal_xwr18xx.aer4f : SemaphoreP_tirtos.oer4f (.text:SemaphoreP_create)
                  00018670    00000064     rtsv7R4_T_le_v3D16_eabi.lib : fseek.obj (.text)
                  000186d4    00000064                                 : sprintf.obj (.text)
                  00018738    00000064     sysbios.aer4ft : exc_Exception_asm.obj (.text:ti_sysbios_family_arm_exc_Exception_initCore0__I)
                  0001879c    00000004     libsoc_xwr18xx.aer4f : soc_xwr18xx.oer4f (.text:SOC_ungateClock)
                  000187a0    00000064     sysbios.aer4ft : BIOS.obj (.text:ti_sysbios_family_arm_v7r_vim_Hwi_phantomIntHandler__I)
                  00018804    0000000c     mmw_mss_per4ft.oer4ft (.text:ti_sysbios_knl_Queue_Object__get__S)
                  00018810    00000064     sysbios.aer4ft : BIOS.obj (.text:ti_sysbios_knl_Clock_logTick__E)
                  00018874    0000000a     libadcbuf_xwr18xx.aer4f : ADCBuf.oer4f (.text:ADCBuf_control)
                  0001887e    00000002     --HOLE-- [fill = 0]
                  00018880    00000064     sysbios.aer4ft : BIOS.obj (.text:ti_sysbios_utils_Load_logCPULoad__I)
                  000188e4    0000000a     libadcbuf_xwr18xx.aer4f : ADCBuf.oer4f (.text:ADCBuf_getChanBufAddr)
                  000188ee    00000002     --HOLE-- [fill = 0]
                  000188f0    00000064     sysbios.aer4ft : BIOS.obj (.text:xdc_runtime_Startup_exec__E)
                  00018954    00000062     mmw_cli.oer4f (.text:MmwDemo_CLICfarFovCfg)
                  000189b6    00000002     --HOLE-- [fill = 0]
                  000189b8    00000060     libcli_xwr18xx.aer4f : cli_mmwave.oer4f (.text:CLI_MMWaveExtensionHandler)
                  00018a18    00000060     libosal_xwr18xx.aer4f : DebugP_tirtos.oer4f (.text:DebugP_log2)
                  00018a78    00000060                           : DebugP_tirtos.oer4f (.text:DebugP_log3)
                  00018ad8    00000006     libedma_xwr18xx.aer4f : edma_low_level.oer4f (.text:EDMA3ClrCCErr)
                  00018ade    00000002     --HOLE-- [fill = 0]
                  00018ae0    00000060     sysbios.aer4ft : BIOS.obj (.text:ti_sysbios_heaps_HeapMem_alloc__E)
                  00018b40    00000060                    : BIOS.obj (.text:xdc_runtime_Assert_raise__I)
                  00018ba0    0000005f                    : BIOS.obj (.text:xdc_runtime_Text_putLab__E)
                  00018bff    00000001     --HOLE-- [fill = 0]
                  00018c00    0000005e     libuart_xwr18xx.aer4f : uartsci.oer4f (.text:UartSci_writeChar)
                  00018c5e    00000002     --HOLE-- [fill = 0]
                  00018c60    0000005c     libedma_xwr18xx.aer4f : edma.oer4f (.text:EDMA_getErrorStatus)
                  00018cbc    0000005c     libmmwave_xwr18xx.aer4f : mmwave_link.oer4f (.text:MMWave_mboxOpen)
                  00018d18    0000005c                             : mmwave.oer4f (.text:MMWave_stop)
                  00018d74    0000005c     mss_main.oer4f (.text:MmwDemo_mmWaveCtrlTask)
                  00018dd0    0000005c     libqspiflash_xwr18xx.aer4f : qspiflash.oer4f (.text:QSPIFlashGetDeviceID)
                  00018e2c    0000005c     libsoc_xwr18xx.aer4f : soc.oer4f (.text:SOC_enableLVDS)
                  00018e88    0000005c     rtsv7R4_T_le_v3D16_eabi.lib : hostopen.obj (.text)
                  00018ee4    0000005c                                 : hostread.obj (.text)
                  00018f40    0000005c     sysbios.aer4ft : BIOS.obj (.text:ti_sysbios_utils_Load_updateCurrentThreadTime__E)
                  00018f9c    0000005a     libuart_xwr18xx.aer4f : uartsci.oer4f (.text:UartSci_readCancel)
                  00018ff6    0000005a     libmmwavelink_xwr18xx.aer4f : rl_driver.oer4f (.text:rlDriverCalChkSum)
                  00019050    00000058     libdpm_xwr18xx.aer4f : dpm_core.oer4f (.text:DPM_execute)
                  000190a8    00000058                          : dpm_mailbox.oer4f (.text:DPM_mboxInit)
                  00019100    00000058     libosal_xwr18xx.aer4f : DebugP_tirtos.oer4f (.text:DebugP_log0)
                  00019158    00000058                           : DebugP_tirtos.oer4f (.text:DebugP_log1)
                  000191b0    00000058     libedma_xwr18xx.aer4f : edma_low_level.oer4f (.text:EDMA3EnableChInShadowReg)
                  00019208    00000058     libesm_xwr18xx.aer4f : esm.oer4f (.text:ESM_highpriority_FIQ)
                  00019260    00000058     libmmwave_xwr18xx.aer4f : mmwave.oer4f (.text:MMWave_execute)
                  000192b8    00000058                             : mmwave_link.oer4f (.text:MMWave_initCRC)
                  00019310    00000058     mmw_cli.oer4f (.text:MmwDemo_CLISensorStop)
                  00019368    00000058     mss_main.oer4f (.text:MmwDemo_EDMA_errorCallbackFxn)
                  000193c0    00000058     mss_main.oer4f (.text:MmwDemo_EDMA_transferControllerErrorCallbackFxn)
                  00019418    00000058     libqspiflash_xwr18xx.aer4f : qspiflash.oer4f (.text:QSPIFlash_configMmapWrite)
                  00019470    00000058     libuart_xwr18xx.aer4f : uartsci_dma.oer4f (.text:UartSci_closeDMA)
                  000194c8    00000058     mmwdemo_flash.oer4f (.text:mmwDemo_flashRead)
                  00019520    00000058     rtsv7R4_T_le_v3D16_eabi.lib : close.obj (.text)
                  00019578    00000058                                 : hostwrite.obj (.text)
                  000195d0    00000056     libedma_xwr18xx.aer4f : edma.oer4f (.text:EDMA_check4kSiErrata_boundaryCheckUtilType1)
                  00019626    00000056     libmmwavelink_xwr18xx.aer4f : rl_driver.oer4f (.text:rlDriverOsiCbCheck)
                  0001967c    00000054     libcrc_xwr18xx.aer4f : crc.oer4f (.text:CRC_getTransactionId)
                  000196d0    00000054     libdma_xwr18xx.aer4f : dma.oer4f (.text:DMA_freeChannel)
                  00019724    00000054     libmmwave_xwr18xx.aer4f : mmwave_link.oer4f (.text:MMWave_initLink)
                  00019778    00000054     mss_main.oer4f (.text:MmwDemo_CfgUpdate)
                  000197cc    00000054     libqspiflash_xwr18xx.aer4f : qspiflash.oer4f (.text:QSPIFlash_writeEnable)
                  00019820    00000054     librtrimutils.aer4f : rtrimutils.oer4f (.text:rtrim_set)
                  00019874    00000054     rtsv7R4_T_le_v3D16_eabi.lib : ltoa.obj (.text)
                  000198c8    00000054     mmw_mss_per4ft.oer4ft (.text:ti_sysbios_family_arm_v7r_vim_Hwi_create)
                  0001991c    00000004     mmw_mss_per4ft.oer4ft (.text:ti_sysbios_BIOS_RtsGateProxy_enter__E)
                  00019920    00000054     sysbios.aer4ft : BIOS.obj (.text:ti_sysbios_heaps_HeapMem_getStats__E)
                  00019974    0000000a     libcbuff_xwr18xx.aer4f : cbuff_lvds.oer4f (.text:CBUFF_deinitLVDS)
                  0001997e    00000002     --HOLE-- [fill = 0]
                  00019980    00000054     sysbios.aer4ft : BIOS.obj (.text:xdc_runtime_Core_assignLabel__I)
                  000199d4    00000050     libcrc_xwr18xx.aer4f : crc.oer4f (.text:CRC_getSignature)
                  00019a24    00000050     libdpm_xwr18xx.aer4f : dpm_core.oer4f (.text:DPM_synch)
                  00019a74    00000050     libedma_xwr18xx.aer4f : edma_low_level.oer4f (.text:EDMA3MapChToEvtQ)
                  00019ac4    00000050     libmmwave_xwr18xx.aer4f : mmwave.oer4f (.text:MMWave_sync)
                  00019b14    00000050     mmw_cli.oer4f (.text:MmwDemo_CLIMultiObjBeamForming)
                  00019b64    00000050     mmw_cli.oer4f (.text:MmwDemo_CLIQueryDemoStatus)
                  00019bb4    00000050     mss_main.oer4f (.text:mmwDemo_mssDPMTask)
                  00019c04    00000050     libmmwavelink_xwr18xx.aer4f : rl_driver.oer4f (.text:rlDeviceIdentifyCmdDir)
                  00019c54    00000050                                 : rl_driver.oer4f (.text:rlDriverVerifyCRC)
                  00019ca4    00000050     rtsv7R4_T_le_v3D16_eabi.lib : atoi.obj (.text)
                  00019cf4    00000050                                 : exit.obj (.text)
                  00019d44    00000050                                 : u_div32.obj (.text)
                  00019d94    0000000a     libdpm_xwr18xx.aer4f : dpm_core.oer4f (.text:DPM_chirpISR)
                  00019d9e    00000002     --HOLE-- [fill = 0]
                  00019da0    00000050     sysbios.aer4ft : BIOS.obj (.text:xdc_runtime_System_exit__E)
                  00019df0    0000004c     libcli_xwr18xx.aer4f : cli.oer4f (.text:CLI_write)
                  00019e3c    0000004c     libedma_xwr18xx.aer4f : edma.oer4f (.text:EDMA_disableChannel)
                  00019e88    0000004c                           : edma.oer4f (.text:EDMA_enableChannel)
                  00019ed4    0000004c     libmailbox_xwr18xx.aer4f : mailbox.oer4f (.text:Mailbox_boxEmptyISRProcessing)
                  00019f20    0000004c     libqspiflash_xwr18xx.aer4f : qspiflash_device_macronix.oer4f (.text:QSPIFlash_macronix_init)
                  00019f6c    0000004c     libuart_xwr18xx.aer4f : uartsci.oer4f (.text:UartSci_writeCancel)
                  00019fb8    0000004c     librtrimutils.aer4f : rtrimutils.oer4f (.text:rtrim_get)
                  0001a004    0000004c     rtsv7R4_T_le_v3D16_eabi.lib : cpy_tbl.obj (.text)
                  0001a050    0000004c     sysbios.aer4ft : BIOS.obj (.text:ti_sysbios_family_arm_v7r_vim_Hwi_getStackInfo__E)
                  0001a09c    0000004c     mmw_mss_per4ft.oer4ft (.text:ti_sysbios_knl_Task_create)
                  0001a0e8    00000006     libedma_xwr18xx.aer4f : edma_low_level.oer4f (.text:EDMA3ErrIntrHighStatusGet)
                  0001a0ee    00000002     --HOLE-- [fill = 0]
                  0001a0f0    0000004c     sysbios.aer4ft : BIOS.obj (.text:ti_sysbios_knl_Task_stat__E)
                  0001a13c    00000004     mmw_mss_per4ft.oer4ft (.text:ti_sysbios_BIOS_RtsGateProxy_leave__E)
                  0001a140    0000004c     sysbios.aer4ft : BIOS.obj (.text:ti_sysbios_utils_Load_taskSwitchHook__E)
                  0001a18c    0000004a     libdpm_xwr18xx.aer4f : dpm_mailbox.oer4f (.text:DPM_mboxSendResult)
                  0001a1d6    0000004a     libmailbox_xwr18xx.aer4f : mailbox.oer4f (.text:Mailbox_boxFullISRProcessing)
                  0001a220    0000004a     sysbios.aer4ft : BIOS.obj (.text:xdc_runtime_Core_assignParams__I)
                  0001a26a    00000006     libedma_xwr18xx.aer4f : edma_low_level.oer4f (.text:EDMA3GetCCErrStatus)
                  0001a270    0000004a     sysbios.aer4ft : BIOS.obj (.text:xdc_runtime_Text_xprintf__I)
                  0001a2ba    00000002     --HOLE-- [fill = 0]
                  0001a2bc    00000049     mmw_lvds_stream.oer4f (.text:MmwDemo_LVDSStream_EDMAAllocateCBUFFChannel)
                  0001a305    00000001     --HOLE-- [fill = 0]
                  0001a306    00000048     libcbuff_xwr18xx.aer4f : cbuff_transfer.oer4f (.text:CBUFF_setup_USER)
                  0001a34e    00000048     libdpm_xwr18xx.aer4f : dpm_pipe.oer4f (.text:DPM_pipeRecv)
                  0001a396    00000002     --HOLE-- [fill = 0]
                  0001a398    00000048     mss_main.oer4f (.text:MmwDemo_resetStaticCfgPendingState)
                  0001a3e0    00000048     mmwdemo_flash.oer4f (.text:mmwDemo_flashWrite)
                  0001a428    00000048     libmmwavelink_xwr18xx.aer4f : rl_device.oer4f (.text:rlDeviceGetVersion)
                  0001a470    00000048                                 : rl_driver.oer4f (.text:rlDriverOsiInit)
                  0001a4b8    00000048     mmw_mss_per4ft.oer4ft (.text:xdc_runtime_LoggerBuf_Object__create__S)
                  0001a500    00000046     libmailbox_xwr18xx.aer4f : mailbox.oer4f (.text:CSL_FINSR)
                  0001a546    00000002     --HOLE-- [fill = 0]
                  0001a548    00000044     libadcbuf_xwr18xx.aer4f : adcbuf_mmwave.oer4f (.text:ADCBUF_MMWave_close)
                  0001a58c    00000044     libcrc_xwr18xx.aer4f : crc.oer4f (.text:CRC_resetSignature)
                  0001a5d0    00000044     libdpm_xwr18xx.aer4f : dpm_core.oer4f (.text:DPM_start)
                  0001a614    00000044                          : dpm_core.oer4f (.text:DPM_stop)
                  0001a658    00000044     libedma_xwr18xx.aer4f : edma.oer4f (.text:EDMA_linkParamSets)
                  0001a69c    00000044     libmailbox_xwr18xx.aer4f : mailbox.oer4f (.text:Mailbox_boxFullISRMssDss)
                  0001a6e0    00000044     libsoc_xwr18xx.aer4f : soc_xwr18xx_mss.oer4f (.text:SOC_resetDMA)
                  0001a724    00000044     rtsv7R4_T_le_v3D16_eabi.lib : hostclose.obj (.text)
                  0001a768    00000044                                 : hostunlink.obj (.text)
                  0001a7ac    00000004     mmw_mss_per4ft.oer4ft (.text:ti_sysbios_family_arm_TaskSupport_Module__startupDone__S)
                  0001a7b0    00000044     sysbios.aer4ft : BIOS.obj (.text:ti_sysbios_family_arm_v7r_tms570_Core_Module_startup__E)
                  0001a7f4    0000000a     libdpm_xwr18xx.aer4f : dpm_core.oer4f (.text:DPM_frameStartISR)
                  0001a7fe    00000002     --HOLE-- [fill = 0]
                  0001a800    00000044     sysbios.aer4ft : BIOS.obj (.text:ti_sysbios_knl_Task_allBlockedFunction__I)
                  0001a844    0000000a     libosal_xwr18xx.aer4f : MemoryP_tirtos.oer4f (.text:MemoryP_ctrlFree)
                  0001a84e    00000002     --HOLE-- [fill = 0]
                  0001a850    00000044     sysbios.aer4ft : BIOS.obj (.text:xdc_runtime_LoggerBuf_Module_startup__E)
                  0001a894    0000000a     mss_main.oer4f (.text:MmwDemo_resetDynObjDetCfgPendingState)
                  0001a89e    00000002     --HOLE-- [fill = 0]
                  0001a8a0    00000044     sysbios.aer4ft : BIOS.obj (.text:xdc_runtime_System_atexit__E)
                  0001a8e4    00000042     libcbuff_xwr18xx.aer4f : cbuff_lvds.oer4f (.text:CBUFF_closeLVDS)
                  0001a926    00000042     libedma_xwr18xx.aer4f : edma.oer4f (.text:EDMA_transferController_error_isr)
                  0001a968    00000042     libmmwave_xwr18xx.aer4f : mmwave_link.oer4f (.text:MMWave_executeLink)
                  0001a9aa    00000042     libmmwavelink_xwr18xx.aer4f : rl_controller.oer4f (.text:rlGetSubBlock)
                  0001a9ec    00000040     mmw_cli.oer4f (.text:MmwDemo_CLIClutterRemoval)
                  0001aa2c    00000040     mmw_cli.oer4f (.text:MmwDemo_CLIExtendedMaxVelocity)
                  0001aa6c    00000040     libqspiflash_xwr18xx.aer4f : qspiflash.oer4f (.text:QSPIFlash_progQuadRead)
                  0001aaac    00000040                                : qspiflash_device_spansion.oer4f (.text:QSPIFlash_spansion_init)
                  0001aaec    00000040     libmmwavelink_xwr18xx.aer4f : rl_driver.oer4f (.text:rlDriverValidateHdr)
                  0001ab2c    00000040     rtsv7R4_T_le_v3D16_eabi.lib : strtok.obj (.text)
                  0001ab6c    00000004     mmw_mss_per4ft.oer4ft (.text:ti_sysbios_family_arm_v7r_vim_Hwi_delete)
                  0001ab70    00000040     sysbios.aer4ft : BIOS.obj (.text:ti_sysbios_timers_rti_Timer_stop__E)
                  0001abb0    0000003e     libadcbuf_xwr18xx.aer4f : adcbuf_mmwave.oer4f (.text:CSL_FINSR)
                  0001abee    0000003e     libcbuff_xwr18xx.aer4f : cbuff.oer4f (.text:CSL_FINSR)
                  0001ac2c    0000003e                            : cbuff_lvds.oer4f (.text:CSL_FINSR)
                  0001ac6a    0000003e     libcrc_xwr18xx.aer4f : crc.oer4f (.text:CSL_FINSR)
                  0001aca8    0000003e     libdma_xwr18xx.aer4f : dma.oer4f (.text:CSL_FINSR)
                  0001ace6    0000003e     libgpio_xwr18xx.aer4f : gpio.oer4f (.text:CSL_FINSR)
                  0001ad24    0000003e     libpinmux_xwr18xx.aer4f : pinmux.oer4f (.text:CSL_FINSR)
                  0001ad62    0000003e     libqspi_xwr18xx.aer4f : qspi.oer4f (.text:CSL_FINSR)
                  0001ada0    0000003e     libsoc_xwr18xx.aer4f : soc.oer4f (.text:CSL_FINSR)
                  0001adde    0000003e                          : soc_xwr18xx.oer4f (.text:CSL_FINSR)
                  0001ae1c    0000003e                          : soc_xwr18xx_mss.oer4f (.text:CSL_FINSR)
                  0001ae5a    0000003e     libuart_xwr18xx.aer4f : uartsci.oer4f (.text:CSL_FINSR)
                  0001ae98    0000003e     libdpm_xwr18xx.aer4f : dpm_msg.oer4f (.text:DPM_msgStopHandler)
                  0001aed6    0000003e     libmmwave_xwr18xx.aer4f : mmwave.oer4f (.text:MMWave_decodeError)
                  0001af14    0000003e     libuart_xwr18xx.aer4f : uartsci.oer4f (.text:UartSci_close)
                  0001af52    0000003e     mmwdemo_monitor.oer4f (.text:mmwDemo_cfgAnalogMonitor)
                  0001af90    0000003c     libcbuff_xwr18xx.aer4f : cbuff_transfer.oer4f (.text:CBUFF_configCQEDMA)
                  0001afcc    0000003c     libcli_xwr18xx.aer4f : cli_mmwave.oer4f (.text:CLI_MMWaveFlushCfg)
                  0001b008    0000003c     libedma_xwr18xx.aer4f : edma.oer4f (.text:EDMA_chainChannels)
                  0001b044    0000003c                           : edma.oer4f (.text:EDMA_getTransferControllerErrorStatus)
                  0001b080    0000003c     libmailbox_xwr18xx.aer4f : mailbox.oer4f (.text:Mailbox_writeReset)
                  0001b0bc    0000003c     libsoc_xwr18xx.aer4f : soc.oer4f (.text:SOC_unhaltBSS)
                  0001b0f8    0000003c     sysbios.aer4ft : vim_Hwi_asm.obj (.text:ti_sysbios_family_arm_v7r_vim_Hwi_init__I)
                  0001b134    0000000a     libosal_xwr18xx.aer4f : SemaphoreP_tirtos.oer4f (.text:SemaphoreP_post)
                  0001b13e    00000002     --HOLE-- [fill = 0]
                  0001b140    0000003c     sysbios.aer4ft : BIOS.obj (.text:ti_sysbios_hal_Hwi_checkStack)
                  0001b17c    00000004     mmw_mss_per4ft.oer4ft (.text:ti_sysbios_heaps_HeapMem_Module_GateProxy_enter__E)
                  0001b180    0000003c     sysbios.aer4ft : BIOS.obj (.text:ti_sysbios_heaps_HeapMem_init__I)
                  0001b1bc    0000003a     libosal_xwr18xx.aer4f : HwiP_tirtos.oer4f (.text:HwiP_delete)
                  0001b1f6    00000038     libcbuff_xwr18xx.aer4f : cbuff_transfer.oer4f (.text:CBUFF_addUserBufferLLEntry)
                  0001b22e    00000038                            : cbuff_transfer.oer4f (.text:CBUFF_setupHeader)
                  0001b266    00000002     --HOLE-- [fill = 0]
                  0001b268    00000038     libcli_xwr18xx.aer4f : cli_mmwave.oer4f (.text:CLI_MMWaveExtensionInit)
                  0001b2a0    00000038     libedma_xwr18xx.aer4f : edma_low_level.oer4f (.text:EDMA3ClrMissEvt)
                  0001b2d8    00000038     libuart_xwr18xx.aer4f : UART.oer4f (.text:UART_init)
                  0001b310    00000036     libmmwavelink_xwr18xx.aer4f : rl_controller.oer4f (.text:rlAppendSubBlock)
                  0001b346    00000036     rtsv7R4_T_le_v3D16_eabi.lib : strncpy.obj (.text)
                  0001b37c    00000034     libadcbuf_xwr18xx.aer4f : ADCBuf.oer4f (.text:ADCBuf_open)
                  0001b3b0    00000034     libedma_xwr18xx.aer4f : edma.oer4f (.text:EDMA_configTransferControllerError)
                  0001b3e4    00000034     libmmwave_xwr18xx.aer4f : mmwave_link.oer4f (.text:MMWave_mboxWrite)
                  0001b418    00000034     libsoc_xwr18xx.aer4f : soc_xwr18xx_mss.oer4f (.text:SOC_isSecureDevice)
                  0001b44c    00000034                          : soc_xwr18xx.oer4f (.text:SOC_setMMWaveDSSLinkState)
                  0001b480    00000034                          : soc_xwr18xx.oer4f (.text:SOC_setMMWaveMSSLinkState)
                  0001b4b4    00000034                          : soc_xwr18xx.oer4f (.text:SOC_setMSSLinkState)
                  0001b4e8    00000034     libuart_xwr18xx.aer4f : UART.oer4f (.text:UART_open)
                  0001b51c    00000004     mmw_mss_per4ft.oer4ft (.text:ti_sysbios_heaps_HeapMem_Module_GateProxy_leave__E)
                  0001b520    00000034     sysbios.aer4ft : BIOS.obj (.text:ti_sysbios_family_arm_a15_TimestampProvider_get64__E)
                  0001b554    00000034     mmw_mss_per4ft.oer4ft (.text:ti_sysbios_knl_Semaphore_create)
                  0001b588    00000032     libcrc_xwr18xx.aer4f : crc.oer4f (.text:CRC_getCRCDataSelectBitValue)
                  0001b5ba    00000002     --HOLE-- [fill = 0]
                  0001b5bc    00000032                          : crc.oer4f (.text:CRC_getCRCTypeBitValue)
                  0001b5ee    00000032     libedma_xwr18xx.aer4f : edma.oer4f (.text:EDMA_configQueueThreshold)
                  0001b620    00000032     sysbios.aer4ft : BIOS.obj (.text:ti_sysbios_hal_Hwi_initStack)
                  0001b652    00000002     --HOLE-- [fill = 0]
                  0001b654    00000030     libadcbuf_xwr18xx.aer4f : ADCBuf.oer4f (.text:ADCBuf_init)
                  0001b684    00000030     libcbuff_xwr18xx.aer4f : cbuff_transfer.oer4f (.text:CBUFF_addCQLLEntry)
                  0001b6b4    00000030     libmmwave_xwr18xx.aer4f : mmwave_listlib.oer4f (.text:MMWave_listRemoveNode)
                  0001b6e4    00000030     libsoc_xwr18xx.aer4f : soc.oer4f (.text:SOC_getDevicePartNumber)
                  0001b714    00000030     libmmwavelink_xwr18xx.aer4f : rl_sensor.oer4f (.text:rlSensorStart)
                  0001b744    00000030     mmw_mss_per4ft.oer4ft (.text:ti_sysbios_BIOS_startFunc__I)
                  0001b774    0000000a     libuart_xwr18xx.aer4f : UART.oer4f (.text:UART_close)
                  0001b77e    00000002     --HOLE-- [fill = 0]
                  0001b780    00000030     sysbios.aer4ft : BIOS.obj (.text:ti_sysbios_family_arm_TaskSupport_start__E)
                  0001b7b0    00000030     mmw_mss_per4ft.oer4ft (.text:ti_sysbios_gates_GateHwi_Object__create__S)
                  0001b7e0    00000030     mmw_mss_per4ft.oer4ft (.text:ti_sysbios_gates_GateMutex_Object__create__S)
                  0001b810    00000030     mmw_mss_per4ft.oer4ft (.text:ti_sysbios_heaps_HeapMem_Object__create__S)
                  0001b840    00000030     sysbios.aer4ft : BIOS.obj (.text:ti_sysbios_heaps_HeapMem_free__E)
                  0001b870    00000030     mmw_mss_per4ft.oer4ft (.text:ti_sysbios_knl_Semaphore_construct)
                  0001b8a0    0000002f     sysbios.aer4ft : BIOS.obj (.text:xdc_runtime_Text_printVisFxn__I)
                  0001b8cf    00000001     --HOLE-- [fill = 0]
                  0001b8d0    0000002e     libdpm_xwr18xx.aer4f : dpm_msg.oer4f (.text:DPM_msgStartHandler)
                  0001b8fe    00000002     --HOLE-- [fill = 0]
                  0001b900    0000002e     sysbios.aer4ft : BIOS.obj (.text:ti_sysbios_knl_Semaphore_pendTimeout__I)
                  0001b92e    0000002e     mmw_mss_per4ft.oer4ft (.text:ti_sysbios_rts_MemAlloc_alloc)
                  0001b95c    0000002c     libdpm_xwr18xx.aer4f : dpm_pipe.oer4f (.text:DPM_pipeInit)
                  0001b988    0000002c     libedma_xwr18xx.aer4f : edma.oer4f (.text:EDMA_validate_channelIdchannelType)
                  0001b9b4    0000002c     libgpio_xwr18xx.aer4f : gpio.oer4f (.text:GPIO_HighPriorityISR)
                  0001b9e0    0000002c                           : gpio.oer4f (.text:GPIO_LowPriorityISR)
                  0001ba0c    0000002c     libmmwave_xwr18xx.aer4f : mmwave_osal.oer4f (.text:MMWave_osalMutexCreate)
                  0001ba38    0000002c                             : mmwave_osal.oer4f (.text:MMWave_osalSemCreate)
                  0001ba64    0000002c     libsoc_xwr18xx.aer4f : soc_xwr18xx_mss.oer4f (.text:SOC_waitBSSPowerUp)
                  0001ba90    0000002c     libmmwavelink_xwr18xx.aer4f : rl_device.oer4f (.text:rlDeviceGetMssVersion)
                  0001babc    0000002c                                 : rl_sensor.oer4f (.text:rlSensorStop)
                  0001bae8    0000002c     rtsv7R4_T_le_v3D16_eabi.lib : unlink.obj (.text)
                  0001bb14    0000002c     mmw_mss_per4ft.oer4ft (.text:ti_sysbios_BIOS_atExitFunc__I)
                  0001bb40    0000002c     mmw_mss_per4ft.oer4ft (.text:ti_sysbios_knl_Clock_doTick__I)
                  0001bb6c    0000002c     mmw_mss_per4ft.oer4ft (.text:ti_sysbios_knl_Queue_construct)
                  0001bb98    00000006     libedma_xwr18xx.aer4f : edma_low_level.oer4f (.text:EDMA3GetErrIntrStatus)
                  0001bb9e    00000002     --HOLE-- [fill = 0]
                  0001bba0    0000002c     sysbios.aer4ft : BIOS.obj (.text:ti_sysbios_timers_rti_Timer_periodicStub__E)
                  0001bbcc    0000002a     libdpm_xwr18xx.aer4f : dpm_pipe.oer4f (.text:DPM_pipeDeinit)
                  0001bbf6    0000002a     mmwdemo_adcconfig.oer4f (.text:MmwDemo_ADCBufOpen)
                  0001bc20    0000002a     libsoc_xwr18xx.aer4f : soc.oer4f (.text:SOC_SystemISR)
                  0001bc4a    0000002a     libmmwavelink_xwr18xx.aer4f : rl_device.oer4f (.text:rlDeviceGetMmWaveLinkVersion)
                  0001bc74    0000002a     rtsv7R4_T_le_v3D16_eabi.lib : strspn.obj (.text)
                  0001bc9e    00000002     --HOLE-- [fill = 0]
                  0001bca0    00000028     libcbuff_xwr18xx.aer4f : cbuff.oer4f (.text:CBUFF_ErrorISR)
                  0001bcc8    00000028                            : cbuff.oer4f (.text:CBUFF_FrameStartISR)
                  0001bcf0    00000028     libdpm_xwr18xx.aer4f : dpm_mailbox.oer4f (.text:DPM_mboxDeinit)
                  0001bd18    00000028                          : dpm_msg.oer4f (.text:DPM_msgInitHeader)
                  0001bd40    00000028     libmailbox_xwr18xx.aer4f : mailbox.oer4f (.text:Mailbox_Config_init)
                  0001bd68    00000028     libqspiflash_xwr18xx.aer4f : qspiflash.oer4f (.text:QSPIFlash_getExtFlashAddr)
                  0001bd90    00000028     libuart_xwr18xx.aer4f : uartsci_dma.oer4f (.text:UartSci_RxDMACallbackFxn)
                  0001bdb8    00000028                           : uartsci_dma.oer4f (.text:UartSci_TxDMACallbackFxn)
                  0001bde0    00000028     mmwdemo_flash.oer4f (.text:mmwDemo_flashEraseOneSector)
                  0001be08    00000028     libmmwavelink_xwr18xx.aer4f : rl_driver.oer4f (.text:rlDriverConstructInMsg)
                  0001be30    00000028     rtsv7R4_T_le_v3D16_eabi.lib : lseek.obj (.text)
                  0001be58    00000028                                 : write.obj (.text)
                  0001be80    00000028     sysbios.aer4ft : BIOS.obj (.text:ti_sysbios_knl_Idle_run__E)
                  0001bea8    00000006     libedma_xwr18xx.aer4f : edma_low_level.oer4f (.text:EDMA3QdmaGetErrIntrStatus)
                  0001beae    00000002     --HOLE-- [fill = 0]
                  0001beb0    00000028     sysbios.aer4ft : BIOS.obj (.text:xdc_runtime_SysStd_abort__E)
                  0001bed8    00000006     libosal_xwr18xx.aer4f : HwiP_tirtos.oer4f (.text:HwiP_restore)
                  0001bede    00000002     --HOLE-- [fill = 0]
                  0001bee0    00000028     sysbios.aer4ft : BIOS.obj (.text:xdc_runtime_System_aprintf_va__F)
                  0001bf08    00000026     mmwdemo_monitor.oer4f (.text:mmwDemo_cfgRxSaturationMonitor)
                  0001bf2e    00000026     libmmwavelink_xwr18xx.aer4f : rl_monitoring.oer4f (.text:rlRfAnaMonConfig)
                  0001bf54    00000026                                 : rl_sensor.oer4f (.text:rlRfGetTemperatureReport)
                  0001bf7a    00000026                                 : rl_sensor.oer4f (.text:rlRfInitCalibConfig)
                  0001bfa0    00000026                                 : rl_sensor.oer4f (.text:rlRfRunTimeCalibConfig)
                  0001bfc6    00000026                                 : rl_monitoring.oer4f (.text:rlRfRxIfSatMonConfig)
                  0001bfec    00000026                                 : rl_monitoring.oer4f (.text:rlRfRxSigImgMonConfig)
                  0001c012    00000026                                 : rl_sensor.oer4f (.text:rlRfSetCalMonFreqLimitConfig)
                  0001c038    00000026                                 : rl_sensor.oer4f (.text:rlRfSetDeviceCfg)
                  0001c05e    00000026                                 : rl_sensor.oer4f (.text:rlRfSetLdoBypassConfig)
                  0001c084    00000026                                 : rl_sensor.oer4f (.text:rlSetAdcOutConfig)
                  0001c0aa    00000026                                 : rl_sensor.oer4f (.text:rlSetBpmCommonConfig)
                  0001c0d0    00000026                                 : rl_sensor.oer4f (.text:rlSetChannelConfig)
                  0001c0f6    00000026                                 : rl_sensor.oer4f (.text:rlSetContModeConfig)
                  0001c11c    00000026     rtsv7R4_T_le_v3D16_eabi.lib : memcmp.obj (.text)
                  0001c142    0000000e                                 : copy_decompress_none.obj (.text:decompress:none)
                  0001c150    00000026     sysbios.aer4ft : BIOS.obj (.text:xdc_runtime_System_printf_va__F)
                  0001c176    00000002     --HOLE-- [fill = 0]
                  0001c178    00000025     mss_main.oer4f (.text:_MmwDemo_debugAssert)
                  0001c19d    00000001     --HOLE-- [fill = 0]
                  0001c19e    00000024     libcrc_xwr18xx.aer4f : crc.oer4f (.text:CRC_isTransactionIdValid)
                  0001c1c2    00000002     --HOLE-- [fill = 0]
                  0001c1c4    00000024     libedma_xwr18xx.aer4f : edma_low_level.oer4f (.text:EDMA3ClrEvt)
                  0001c1e8    00000024                           : edma_low_level.oer4f (.text:EDMA3ClrIntr)
                  0001c20c    00000024                           : edma_low_level.oer4f (.text:EDMA3DisableDmaEvt)
                  0001c230    00000024                           : edma_low_level.oer4f (.text:EDMA3DisableEvtIntr)
                  0001c254    00000024                           : edma_low_level.oer4f (.text:EDMA3EnableDmaEvt)
                  0001c278    00000024                           : edma_low_level.oer4f (.text:EDMA3EnableEvtIntr)
                  0001c29c    00000024                           : edma.oer4f (.text:EDMA_clearTransferControllerErrors)
                  0001c2c0    00000024     libgpio_xwr18xx.aer4f : gpio.oer4f (.text:GPIO_processInterrupt)
                  0001c2e4    00000024     libhsiheader_xwr18xx.aer4f : hsiheader.oer4f (.text:HSIHeader_processUserBuffer)
                  0001c308    00000024     libsoc_xwr18xx.aer4f : soc_xwr18xx.oer4f (.text:SOC_isDSSOperational)
                  0001c32c    00000024                          : soc_xwr18xx.oer4f (.text:SOC_isMMWaveDSSOperational)
                  0001c350    00000024                          : soc_xwr18xx.oer4f (.text:SOC_isMMWaveMSSOperational)
                  0001c374    00000024     libmmwavelink_xwr18xx.aer4f : rl_device.oer4f (.text:rlDeviceSetHsiClk)
                  0001c398    00000024                                 : rl_sensor.oer4f (.text:rlEnableContMode)
                  0001c3bc    00000024                                 : rl_sensor.oer4f (.text:rlRfSetCalMonTimeUnitConfig)
                  0001c3e0    00000024                                 : rl_sensor.oer4f (.text:rlSetLowPowerModeConfig)
                  0001c404    00000024     mmw_mss_per4ft.oer4ft (.text:ti_sysbios_BIOS_registerRTSLock__I)
                  0001c428    00000024     mmw_mss_per4ft.oer4ft (.text:ti_sysbios_BIOS_removeRTSLock__I)
                  0001c44c    00000024     mmw_mss_per4ft.oer4ft (.text:ti_sysbios_gates_GateMutex_Object__delete__S)
                  0001c470    00000024     sysbios.aer4ft : BIOS.obj (.text:ti_sysbios_knl_Clock_Module_startup__E)
                  0001c494    00000024     mmw_mss_per4ft.oer4ft (.text:ti_sysbios_knl_Semaphore_Object__delete__S)
                  0001c4b8    00000022     libcbuff_xwr18xx.aer4f : cbuff_transfer.oer4f (.text:CBUFF_initLinkedList)
                  0001c4da    00000022     libqspiflash_xwr18xx.aer4f : qspiflash.oer4f (.text:QSPIFlashReadCmd)
                  0001c4fc    00000022     libuart_xwr18xx.aer4f : uartsci.oer4f (.text:UartSci_disableRxDMA)
                  0001c51e    00000022                           : uartsci.oer4f (.text:UartSci_enableRxDMA)
                  0001c540    00000022     rtsv7R4_T_le_v3D16_eabi.lib : strcspn.obj (.text)
                  0001c562    00000020     libdpm_xwr18xx.aer4f : dpm_listlib.oer4f (.text:DPM_listCat)
                  0001c582    00000002     --HOLE-- [fill = 0]
                  0001c584    00000020     libedma_xwr18xx.aer4f : edma_low_level.oer4f (.text:EDMA3QdmaClrMissEvt)
                  0001c5a4    00000020     libesm_xwr18xx.aer4f : esm.oer4f (.text:ESM_lowpriority_IRQ)
                  0001c5c4    00000020     libhsiheader_xwr18xx.aer4f : hsiheader.oer4f (.text:HSIHeader_processCQ)
                  0001c5e4    00000020     libmmwave_xwr18xx.aer4f : mmwave_listlib.oer4f (.text:MMWave_listCat)
                  0001c604    00000020     mss_main.oer4f (.text:MmwDemo_DPM_ioctl_blocking)
                  0001c624    00000020     libpinmux_xwr18xx.aer4f : pinmux.oer4f (.text:Pinmux_Unlock)
                  0001c644    00000020     libmmwavelink_xwr18xx.aer4f : rl_sensor.oer4f (.text:rlRfInit)
                  0001c664    0000000a     libuart_xwr18xx.aer4f : UART.oer4f (.text:UART_read)
                  0001c66e    00000002     --HOLE-- [fill = 0]
                  0001c670    00000020     sysbios.aer4ft : BIOS.obj (.text:ti_sysbios_family_arm_TaskSupport_stackUsed__E)
                  0001c690    00000020                    : BIOS.obj (.text:ti_sysbios_family_arm_a15_TimestampProvider_autoRefreshFxn__I)
                  0001c6b0    00000020                    : BIOS.obj (.text:ti_sysbios_family_arm_v7a_Pmu_Module_startup__E)
                  0001c6d0    00000020     mmw_mss_per4ft.oer4ft (.text:ti_sysbios_family_arm_v7r_vim_Hwi_Object__delete__S)
                  0001c6f0    00000020     sysbios.aer4ft : BIOS.obj (.text:ti_sysbios_family_arm_v7r_vim_Hwi_disableInterrupt__E)
                  0001c710    00000020                    : BIOS.obj (.text:ti_sysbios_family_arm_v7r_vim_Hwi_enableInterrupt__E)
                  0001c730    00000020     mmw_mss_per4ft.oer4ft (.text:ti_sysbios_gates_GateHwi_Object__delete__S)
                  0001c750    00000020     mmw_mss_per4ft.oer4ft (.text:ti_sysbios_heaps_HeapMem_Object__delete__S)
                  0001c770    00000020     mmw_mss_per4ft.oer4ft (.text:ti_sysbios_knl_Semaphore_destruct)
                  0001c790    00000020     mmw_mss_per4ft.oer4ft (.text:xdc_runtime_LoggerBuf_Object__delete__S)
                  0001c7b0    0000001e     libdpm_xwr18xx.aer4f : dpm_pipe.oer4f (.text:DPM_pipeDequeue)
                  0001c7ce    0000001e     libmmwave_xwr18xx.aer4f : mmwave_fullcfg.oer4f (.text:MMWave_internalDelChirp)
[...]
0001e3dc  ti_sysbios_knl_Task_E_stackOverflow__C                               
0001e3e0  ti_sysbios_knl_Task_LD_block__C                                      
0001e3e4  ti_sysbios_knl_Task_LD_exit__C                                       
0001e3e8  ti_sysbios_knl_Task_LD_ready__C                                      
0001e3ec  ti_sysbios_knl_Task_LM_sleep__C                                      
0001e3f0  ti_sysbios_knl_Task_LM_switch__C                                     
0001e3f4  ti_sysbios_knl_Task_Module_State_inactiveQ__O                        
0001e3f8  ti_sysbios_knl_Task_Module__diagsEnabled__C                          
0001e3fc  ti_sysbios_knl_Task_Module__diagsIncluded__C                         
0001e400  ti_sysbios_knl_Task_Module__diagsMask__C                             
0001e404  ti_sysbios_knl_Task_Module__loggerFxn2__C                            
0001e408  ti_sysbios_knl_Task_Module__loggerFxn4__C                            
0001e40c  ti_sysbios_knl_Task_Module__loggerObj__C                             
0001e410  ti_sysbios_knl_Task_Object__count__C                                 
0001e414  ti_sysbios_knl_Task_Object__heap__C                                  
0001e418  ti_sysbios_knl_Task_allBlockedFunc__C                                
0001e41c  ti_sysbios_knl_Task_defaultStackHeap__C                              
0001e420  ti_sysbios_knl_Task_defaultStackSize__C                              
0001e424  ti_sysbios_knl_Task_numConstructedTasks__C                           
0001e428  ti_sysbios_timers_rti_Timer_E_cannotSupport__C                       
0001e42c  ti_sysbios_timers_rti_Timer_Module__diagsEnabled__C                  
0001e430  ti_sysbios_timers_rti_Timer_Module__diagsIncluded__C                 
0001e434  ti_sysbios_timers_rti_Timer_Module__diagsMask__C                     
0001e438  ti_sysbios_timers_rti_Timer_numTimerDevices__C                       
0001e43c  ti_sysbios_timers_rti_Timer_startupNeeded__C                         
0001e440  ti_sysbios_utils_Load_LS_cpuLoad__C                                  
0001e444  ti_sysbios_utils_Load_LS_taskLoad__C                                 
0001e448  ti_sysbios_utils_Load_Module_State_taskList__O                       
0001e44c  ti_sysbios_utils_Load_Module__diagsEnabled__C                        
0001e450  ti_sysbios_utils_Load_Module__diagsIncluded__C                       
0001e454  ti_sysbios_utils_Load_Module__diagsMask__C                           
0001e458  ti_sysbios_utils_Load_Module__loggerFxn1__C                          
0001e45c  ti_sysbios_utils_Load_Module__loggerFxn4__C                          
0001e460  ti_sysbios_utils_Load_Module__loggerObj__C                           
0001e464  ti_sysbios_utils_Load_postUpdate__C                                  
0001e468  ti_sysbios_utils_Load_windowInMs__C                                  
0001e46c  xdc_runtime_Assert_E_assertFailed__C                                 
0001e470  xdc_runtime_Core_A_initializedParams__C                              
0001e474  xdc_runtime_Core_Module__diagsEnabled__C                             
0001e478  xdc_runtime_Core_Module__diagsIncluded__C                            
0001e47c  xdc_runtime_Core_Module__diagsMask__C                                
0001e480  xdc_runtime_Error_E_memory__C                                        
0001e484  xdc_runtime_Error_Module__diagsEnabled__C                            
0001e488  xdc_runtime_Error_Module__diagsIncluded__C                           
0001e48c  xdc_runtime_Error_Module__diagsMask__C                               
0001e490  xdc_runtime_Error_Module__loggerFxn8__C                              
0001e494  xdc_runtime_Error_Module__loggerObj__C                               
0001e498  xdc_runtime_Error_policyFxn__C                                       
0001e49c  xdc_runtime_Error_policy__C                                          
0001e4a0  xdc_runtime_Error_raiseHook__C                                       
0001e4a4  xdc_runtime_IFilterLogger_Interface__BASE__C                         
0001e4a8  xdc_runtime_IGateProvider_Interface__BASE__C                         
0001e4ac  xdc_runtime_IHeap_Interface__BASE__C                                 
0001e4b0  xdc_runtime_ILogger_Interface__BASE__C                               
0001e4b4  xdc_runtime_IModule_Interface__BASE__C                               
0001e4b8  xdc_runtime_Log_L_error__C                                           
0001e4bc  xdc_runtime_LoggerBuf_E_badLevel__C                                  
0001e4c0  xdc_runtime_LoggerBuf_Module__gateObj__C                             
0001e4c4  xdc_runtime_LoggerBuf_Object__count__C                               
0001e4c8  xdc_runtime_LoggerBuf_statusLogger__C                                
0001e4cc  xdc_runtime_Main_Module__diagsEnabled__C                             
0001e4d0  xdc_runtime_Main_Module__diagsIncluded__C                            
0001e4d4  xdc_runtime_Main_Module__diagsMask__C                                
0001e4d8  xdc_runtime_Main_Module__loggerFxn1__C                               
0001e4dc  xdc_runtime_Main_Module__loggerFxn2__C                               
0001e4e0  xdc_runtime_Main_Module__loggerFxn4__C                               
0001e4e4  xdc_runtime_Main_Module__loggerObj__C                                
0001e4e8  xdc_runtime_Memory_defaultHeapInstance__C                            
0001e4ec  xdc_runtime_Startup_execImpl__C                                      
0001e4f0  xdc_runtime_Startup_maxPasses__C                                     
0001e4f4  xdc_runtime_Startup_sfxnRts__C                                       
0001e4f8  xdc_runtime_Startup_sfxnTab__C                                       
0001e4fc  xdc_runtime_System_Module__gateObj__C                                
0001e500  xdc_runtime_System_abortFxn__C                                       
0001e504  xdc_runtime_System_exitFxn__C                                        
0001e508  xdc_runtime_System_extendFxn__C                                      
0001e50c  xdc_runtime_System_maxAtexitHandlers__C                              
0001e510  xdc_runtime_Text_charTab__C                                          
0001e514  xdc_runtime_Text_nameEmpty__C                                        
0001e518  xdc_runtime_Text_nameStatic__C                                       
0001e51c  xdc_runtime_Text_nameUnknown__C                                      
0001e520  xdc_runtime_Text_visitRopeFxn__C                                     
0001e524  ti_sysbios_family_arm_exc_Exception_Module__id__C                    
0001e526  ti_sysbios_family_arm_v7a_Pmu_Module__id__C                          
0001e528  ti_sysbios_family_arm_v7r_tms570_Core_Module__id__C                  
0001e52a  ti_sysbios_family_arm_v7r_vim_Hwi_Module__id__C                      
0001e52c  ti_sysbios_family_arm_v7r_vim_Hwi_Module__loggerDefined__C           
0001e52e  ti_sysbios_gates_GateMutex_Module__id__C                             
0001e530  ti_sysbios_hal_Hwi_Module__id__C                                     
0001e532  ti_sysbios_heaps_HeapMem_Module__id__C                               
0001e534  ti_sysbios_knl_Clock_Module__id__C                                   
0001e536  ti_sysbios_knl_Clock_Module__loggerDefined__C                        
0001e538  ti_sysbios_knl_Semaphore_Module__id__C                               
0001e53a  ti_sysbios_knl_Semaphore_Module__loggerDefined__C                    
0001e53c  ti_sysbios_knl_Task_Module__id__C                                    
0001e53e  ti_sysbios_knl_Task_Module__loggerDefined__C                         
0001e540  ti_sysbios_timers_rti_Timer_Module__id__C                            
0001e542  ti_sysbios_timers_rti_Timer_continueOnSuspend__C                     
0001e544  ti_sysbios_utils_Load_Module__id__C                                  
0001e546  ti_sysbios_utils_Load_Module__loggerDefined__C                       
0001e548  ti_sysbios_utils_Load_autoAddTasks__C                                
0001e54a  ti_sysbios_utils_Load_updateInIdle__C                                
0001e54c  xdc_runtime_Core_Module__id__C                                       
0001e54e  xdc_runtime_Error_Module__loggerDefined__C                           
0001e550  xdc_runtime_Error_maxDepth__C                                        
0001e552  xdc_runtime_LoggerBuf_Module__id__C                                  
0001e554  xdc_runtime_LoggerBuf_filterByLevel__C                               
0001e556  xdc_runtime_Main_Module__id__C                                       
0001e558  xdc_runtime_Main_Module__loggerDefined__C                            
0001e55a  xdc_runtime_Memory_Module__id__C                                     
0001e55c  xdc_runtime_Text_charCnt__C                                          
0001e55e  xdc_runtime_Text_isLoaded__C                                         
0001e560  xdc_runtime_Text_registryModsLastId__C                               
0001e562  xdc_runtime_Text_unnamedModsLastId__C                                
0001e568  __TI_static_base__                                                   
0001e9f0  __TI_Handler_Table_Base                                              
0001e9fc  __TI_Handler_Table_Limit                                             
0001ea18  __TI_CINIT_Base                                                      
0001ea38  __TI_CINIT_Limit                                                     
08000000  ti_sysbios_heaps_HeapMem_Instance_State_0_buf__A                     
08008000  xdc_runtime_LoggerBuf_Instance_State_0_entryArr__A                   
08009900  ti_sysbios_family_arm_exc_Exception_Module_State_0_excStack_0__A     
0800a900  ti_sysbios_knl_Task_Instance_State_0_stack__A                        
0800ac20  gCLI                                                                 
0800adc8  gGPIOMCB                                                             
0800af5c  __CIOBUF_                                                            
0800b07c  gMMWave_MCB                                                          
0800b17c  __TI_tmpnams                                                         
0800b21c  ti_sysbios_knl_Task_Instance_State_0_hookEnv__A                      
0800b220  gHSIHeaderMCB                                                        
0800b2b0  gEsmMCB                                                              
0800b320  gMmwDemoFlash                                                        
0800b32c  gMMWave_DualcoreMCB                                                  
0800b334  parmbuf                                                              
0800b340  gRFLdoBypassCfg                                                      
0800b348  gCalibDataStorage                                                    
0800b7a8  gMmwMssMCB                                                           
0800bf88  gEDMA_4K_errata_check                                                
0800bf8c  edmaDbg                                                              
0800c694  rl_txMsg                                                             
0800c794  rl_rxMsg                                                             
0800ca7c  gQSPIFlashHwCfg                                                      
0800ca80  gCLI_mmwave_freq_scale_factor                                        
0800ca88  gCLIMMWaveOpenCfg                                                    
0800cab0  gCLIMMWaveExtensionTable                                             
0800cb58  partInfoStringArray                                                  
0800cc18  gCLIMMWaveControlCfg                                                 
0800cce8  ti_sysbios_family_arm_v7r_vim_Hwi_Module_State_0_dispatchTable__A    
0800cee8  _ftable                                                              
0800cfd8  ti_sysbios_utils_Load_Module__state__V                               
0800d070  ti_sysbios_knl_Task_Module_State_0_readyQ__A                         
0800d0f0  _device                                                              
0800d168  gCBUFFHwAttribute                                                    
0800d1e0  ti_sysbios_knl_Task_Object__table__V                                 
0800d23c  gUartSciHwCfg                                                        
0800d294  _stream                                                              
0800d2e4  gMailboxMCB                                                          
0800d334  ti_sysbios_knl_Task_Module__state__V                                 
0800d37c  SOC_TranslateAddr_LUT                                                
0800d3bc  ti_sysbios_gates_GateMutex_Object__table__V                          
0800d3fc  ti_sysbios_timers_rti_Timer_Object__table__V                         
0800d438  gCBUFFInterfaceFxn                                                   
0800d470  ti_sysbios_family_arm_v7r_vim_Hwi_Module__state__V                   
0800d4a4  ti_sysbios_family_arm_v7r_vim_Hwi_Object__table__V                   
0800d4d0  ti_sysbios_knl_Clock_Module__state__V                                
0800d4fc  gUartSciFxnTable                                                     
0800d524  UART_config                                                          
0800d548  ti_sysbios_BIOS_Module__state__V                                     
0800d56c  xdc_runtime_LoggerBuf_Object__table__V                               
0800d590  gSOCHwAttrib                                                         
0800d5b0  ti_sysbios_knl_Clock_Object__table__V                                
0800d5d0  xdc_runtime_Error_IgnoreBlock                                        
0800d5f0  xdc_runtime_System_Module_State_0_atexitHandlers__A                  
0800d610  ti_sysbios_utils_Load_Module_State_0_taskEnv__A                      
0800d62c  ADCBuf_config                                                        
0800d644  gInterleavedTransferFxn                                              
0800d65c  gMailboxMssBssHwCfg                                                  
0800d674  gMailboxMssDssHwCfg                                                  
0800d68c  gMultipleChirpNonInterleavedTransferFxn                              
0800d6a4  gNonInterleavedTransferFxn                                           
0800d6bc  ti_sysbios_heaps_HeapMem_Object__table__V                            
0800d6d4  ti_sysbios_timers_rti_Timer_Module_State_0_device__A                 
0800d6ec  gDPMRemoteTable                                                      
0800d700  ti_sysbios_family_arm_exc_Exception_Module__state__V                 
0800d714  gQSPIHwCfg                                                           
0800d724  __TI_ft_end                                                          
0800d728  __aeabi_stdin                                                        
0800d72c  __aeabi_stdout                                                       
0800d730  __aeabi_stderr                                                       
0800d734  ti_sysbios_timers_rti_Timer_Module_State_0_intFreqs__A               
0800d744  ti_sysbios_timers_rti_Timer_Module__state__V                         
0800d754  __TI_cleanup_ptr                                                     
0800d758  __TI_dtors_ptr                                                       
0800d75c  __TI_enable_exit_profile_output                                      
0800d760  gESMHwCfgAttrs                                                       
0800d76c  ti_sysbios_family_arm_v7a_Pmu_Module__state__V                       
0800d778  ti_sysbios_knl_Task_Module__root__V                                  
0800d784  _lock                                                                
0800d788  _unlock                                                              
0800d78c  MmwDemo_RFParserHwCfg                                                
0800d794  QSPIFlash_deviceFxnTbl_macronix                                      
0800d79c  QSPIFlash_deviceFxnTbl_spansion                                      
0800d7a4  gDPMHwAttrib                                                         
0800d7ac  gGPIOHwAtrrib                                                        
0800d7b4  ti_sysbios_family_arm_v7r_vim_Hwi_Module__root__V                    
0800d7bc  ti_sysbios_gates_GateHwi_Module__root__V                             
0800d7c4  ti_sysbios_gates_GateMutex_Module__root__V                           
0800d7cc  ti_sysbios_hal_Hwi_Object__table__V                                  
0800d7d4  ti_sysbios_heaps_HeapMem_Module__root__V                             
0800d7dc  ti_sysbios_knl_Queue_Module__root__V                                 
0800d7e4  ti_sysbios_knl_Semaphore_Module__root__V                             
0800d7ec  ti_sysbios_timers_rti_Timer_Module_State_0_handles__A                
0800d7f4  xdc_runtime_LoggerBuf_Module__root__V                                
0800d7fc  xdc_runtime_Registry_Module__state__V                                
0800d804  xdc_runtime_Startup_Module__state__V                                 
0800d80c  xdc_runtime_System_Module__state__V                                  
0800d814  xdc_runtime_LoggerBuf_Module__state__V                               
0800d81a  ti_sysbios_family_arm_exc_Exception_Module_State_0_excActive__A      
0800d820  gCRCRegister                                                         
0800d824  gDPM                                                                 
0800d828  regionId                                                             
0800d82c  gPinmuxRegs                                                          
0800d830  gQSPIDriverPtr                                                       
0800d838  errno                                                                
0800d844  main_func_sp                                                         
0800d84c  ti_sysbios_family_arm_a15_TimestampProvider_Module__state__V         
0800d850  ti_sysbios_family_arm_exc_Exception_Module_State_0_excContext__A     
0800d854  ti_sysbios_family_arm_exc_Exception_Module_State_0_excStackBuffers__A
0800d858  ti_sysbios_family_arm_exc_Exception_Module_State_0_excStack__A       
0800d85c  ti_sysbios_gates_GateHwi_Object__table__V                            
0800d860  ti_sysbios_heaps_HeapBuf_Module__state__V                            
0800d864  ti_sysbios_knl_Task_Module_State_0_idleTask__A                       
0800d868  ti_sysbios_utils_Load_Module_State_0_runningTask__A                  
0800d86c  ti_sysbios_utils_Load_Module_State_0_taskStartTime__A                
0800d870  xdc_runtime_Memory_Module__state__V                                  
0800d874  xdc_runtime_Error_Module__state__V                                   
0800d876  xdc_runtime_Main_Module__root__V                                     
0800d878  ti_sysbios_family_arm_v7r_vim_Hwi_Module_State_0_fiqStack__A         
0800e078  __stack                                                              
0800e878  __STACK_END                                                          
fffffdec  ti_sysbios_family_arm_v7r_vim_Hwi_vim                                
ffffffff  __TI_pprof_out_hndl                                                  
ffffffff  __TI_prof_data_size                                                  
ffffffff  __TI_prof_data_start                                                 
ffffffff  __binit__                                                            
ffffffff  __c_args__                                                           
ffffffff  binit                                                                
UNDEFED   SHT$$INIT_ARRAY$$Base                                                
UNDEFED   SHT$$INIT_ARRAY$$Limit                                               

[1144 symbols]
